Component: ARM Compiler 5.06 update 4 (build 422) Tool: armlink [4d35d2]

==============================================================================

Section Cross References

    startup_stm32f103xb.o(RESET) refers to startup_stm32f103xb.o(STACK) for __initial_sp
    startup_stm32f103xb.o(RESET) refers to startup_stm32f103xb.o(.text) for Reset_Handler
    startup_stm32f103xb.o(RESET) refers to stm32f1xx_it.o(i.NMI_Handler) for NMI_Handler
    startup_stm32f103xb.o(RESET) refers to stm32f1xx_it.o(i.HardFault_Handler) for HardFault_Handler
    startup_stm32f103xb.o(RESET) refers to stm32f1xx_it.o(i.MemManage_Handler) for MemManage_Handler
    startup_stm32f103xb.o(RESET) refers to stm32f1xx_it.o(i.BusFault_Handler) for BusFault_Handler
    startup_stm32f103xb.o(RESET) refers to stm32f1xx_it.o(i.UsageFault_Handler) for UsageFault_Handler
    startup_stm32f103xb.o(RESET) refers to port.o(.emb_text) for SVC_Handler
    startup_stm32f103xb.o(RESET) refers to stm32f1xx_it.o(i.DebugMon_Handler) for DebugMon_Handler
    startup_stm32f103xb.o(RESET) refers to port.o(i.SysTick_Handler) for SysTick_Handler
    startup_stm32f103xb.o(RESET) refers to stm32f1xx_it.o(i.EXTI9_5_IRQHandler) for EXTI9_5_IRQHandler
    startup_stm32f103xb.o(RESET) refers to stm32f1xx_it.o(i.TIM4_IRQHandler) for TIM4_IRQHandler
    startup_stm32f103xb.o(RESET) refers to stm32f1xx_it.o(i.USART2_IRQHandler) for USART2_IRQHandler
    startup_stm32f103xb.o(.text) refers to system_stm32f1xx.o(i.SystemInit) for SystemInit
    startup_stm32f103xb.o(.text) refers to entry.o(.ARM.Collect$$$$00000000) for __main
    main.o(i.HAL_TIM_PeriodElapsedCallback) refers to stm32f1xx_hal.o(i.HAL_IncTick) for HAL_IncTick
    main.o(i.SystemClock_Config) refers to memseta.o(.text) for __aeabi_memclr4
    main.o(i.SystemClock_Config) refers to stm32f1xx_hal_rcc.o(i.HAL_RCC_OscConfig) for HAL_RCC_OscConfig
    main.o(i.SystemClock_Config) refers to stm32f1xx_hal_rcc.o(i.HAL_RCC_ClockConfig) for HAL_RCC_ClockConfig
    main.o(i.SystemClock_Config) refers to stm32f1xx_hal_rcc_ex.o(i.HAL_RCCEx_PeriphCLKConfig) for HAL_RCCEx_PeriphCLKConfig
    main.o(i.fputc) refers to stm32f1xx_hal_uart.o(i.HAL_UART_Transmit) for HAL_UART_Transmit
    main.o(i.fputc) refers to usart.o(.bss) for huart1
    main.o(i.main) refers to stm32f1xx_hal.o(i.HAL_Init) for HAL_Init
    main.o(i.main) refers to main.o(i.SystemClock_Config) for SystemClock_Config
    main.o(i.main) refers to gpio.o(i.MX_GPIO_Init) for MX_GPIO_Init
    main.o(i.main) refers to adc.o(i.MX_ADC1_Init) for MX_ADC1_Init
    main.o(i.main) refers to spi.o(i.MX_SPI1_Init) for MX_SPI1_Init
    main.o(i.main) refers to usart.o(i.MX_USART1_UART_Init) for MX_USART1_UART_Init
    main.o(i.main) refers to usart.o(i.MX_USART2_UART_Init) for MX_USART2_UART_Init
    main.o(i.main) refers to tim.o(i.MX_TIM1_Init) for MX_TIM1_Init
    main.o(i.main) refers to printfa.o(i.__0printf) for __2printf
    main.o(i.main) refers to stm32f1xx_hal_uart.o(i.HAL_UART_Receive_IT) for HAL_UART_Receive_IT
    main.o(i.main) refers to em_task.o(i.init_task) for init_task
    main.o(i.main) refers to freertos.o(i.MX_FREERTOS_Init) for MX_FREERTOS_Init
    main.o(i.main) refers to cmsis_os.o(i.osKernelStart) for osKernelStart
    main.o(i.main) refers to usart.o(.data) for aRxBuffer
    main.o(i.main) refers to usart.o(.bss) for huart2
    gpio.o(i.MX_GPIO_Init) refers to stm32f1xx_hal_gpio.o(i.HAL_GPIO_WritePin) for HAL_GPIO_WritePin
    gpio.o(i.MX_GPIO_Init) refers to stm32f1xx_hal_gpio.o(i.HAL_GPIO_Init) for HAL_GPIO_Init
    gpio.o(i.MX_GPIO_Init) refers to stm32f1xx_hal_cortex.o(i.HAL_NVIC_SetPriority) for HAL_NVIC_SetPriority
    gpio.o(i.MX_GPIO_Init) refers to stm32f1xx_hal_cortex.o(i.HAL_NVIC_EnableIRQ) for HAL_NVIC_EnableIRQ
    freertos.o(i.MX_FREERTOS_Init) refers to memcpya.o(.text) for __aeabi_memcpy4
    freertos.o(i.MX_FREERTOS_Init) refers to cmsis_os.o(i.osThreadCreate) for osThreadCreate
    freertos.o(i.MX_FREERTOS_Init) refers to freertos.o(.constdata) for .constdata
    freertos.o(i.MX_FREERTOS_Init) refers to freertos.o(.data) for .data
    freertos.o(i.StartDefaultTask) refers to cmsis_os.o(i.osDelay) for osDelay
    freertos.o(i.vApplicationGetIdleTaskMemory) refers to freertos.o(.bss) for .bss
    freertos.o(i.vApplicationGetTimerTaskMemory) refers to freertos.o(.bss) for .bss
    freertos.o(.constdata) refers to freertos.o(.conststring) for .conststring
    freertos.o(.constdata) refers to freertos.o(i.StartDefaultTask) for StartDefaultTask
    adc.o(i.HAL_ADC_MspDeInit) refers to stm32f1xx_hal_gpio.o(i.HAL_GPIO_DeInit) for HAL_GPIO_DeInit
    adc.o(i.HAL_ADC_MspInit) refers to stm32f1xx_hal_gpio.o(i.HAL_GPIO_Init) for HAL_GPIO_Init
    adc.o(i.MX_ADC1_Init) refers to stm32f1xx_hal_adc.o(i.HAL_ADC_Init) for HAL_ADC_Init
    adc.o(i.MX_ADC1_Init) refers to main.o(i.Error_Handler) for Error_Handler
[...]
    xPendingReadyList                        0x20003e70   Data          20  tasks.o(.bss)
    xTasksWaitingTermination                 0x20003e84   Data          20  tasks.o(.bss)
    xSuspendedTaskList                       0x20003e98   Data          20  tasks.o(.bss)
    .bss                                     0x20003eac   Section      232  timers.o(.bss)
    xActiveTimerList1                        0x20003eac   Data          20  timers.o(.bss)
    xActiveTimerList2                        0x20003ec0   Data          20  timers.o(.bss)
    xStaticTimerQueue                        0x20003ed4   Data          72  timers.o(.bss)
    ucStaticTimerQueueStorage                0x20003f1c   Data         120  timers.o(.bss)
    .bss                                     0x20003f94   Section     3072  heap_4.o(.bss)
    ucHeap                                   0x20003f94   Data        3072  heap_4.o(.bss)
    STACK                                    0x20004b98   Section     1024  startup_stm32f103xb.o(STACK)

    Global Symbols

    Symbol Name                              Value     Ov Type        Size  Object(Section)

    BuildAttributes$$THM_ISAv4$P$D$K$B$S$PE$A:L22UL41UL21$X:L11$S22US41US21$IEEE1$IW$USESV6$~STKCKD$USESV7$~SHL$OTIME$ROPI$IEEEX$EBA8$MICROLIB$REQ8$PRES8$EABIv2 0x00000000   Number         0  anon$$obj.o ABSOLUTE
    __ARM_use_no_argv                        0x00000000   Number         0  main.o ABSOLUTE
    _printf_a                                0x00000000   Number         0  stubs.o ABSOLUTE
    _printf_c                                0x00000000   Number         0  stubs.o ABSOLUTE
    _printf_charcount                        0x00000000   Number         0  stubs.o ABSOLUTE
    _printf_d                                0x00000000   Number         0  stubs.o ABSOLUTE
    _printf_e                                0x00000000   Number         0  stubs.o ABSOLUTE
    _printf_f                                0x00000000   Number         0  stubs.o ABSOLUTE
    _printf_flags                            0x00000000   Number         0  stubs.o ABSOLUTE
    _printf_fp_dec                           0x00000000   Number         0  stubs.o ABSOLUTE
    _printf_fp_hex                           0x00000000   Number         0  stubs.o ABSOLUTE
    _printf_g                                0x00000000   Number         0  stubs.o ABSOLUTE
    _printf_i                                0x00000000   Number         0  stubs.o ABSOLUTE
    _printf_int_dec                          0x00000000   Number         0  stubs.o ABSOLUTE
    _printf_l                                0x00000000   Number         0  stubs.o ABSOLUTE
    _printf_lc                               0x00000000   Number         0  stubs.o ABSOLUTE
    _printf_ll                               0x00000000   Number         0  stubs.o ABSOLUTE
    _printf_lld                              0x00000000   Number         0  stubs.o ABSOLUTE
    _printf_lli                              0x00000000   Number         0  stubs.o ABSOLUTE
    _printf_llo                              0x00000000   Number         0  stubs.o ABSOLUTE
    _printf_llu                              0x00000000   Number         0  stubs.o ABSOLUTE
    _printf_llx                              0x00000000   Number         0  stubs.o ABSOLUTE
    _printf_longlong_dec                     0x00000000   Number         0  stubs.o ABSOLUTE
    _printf_longlong_hex                     0x00000000   Number         0  stubs.o ABSOLUTE
    _printf_longlong_oct                     0x00000000   Number         0  stubs.o ABSOLUTE
    _printf_ls                               0x00000000   Number         0  stubs.o ABSOLUTE
    _printf_mbtowc                           0x00000000   Number         0  stubs.o ABSOLUTE
    _printf_n                                0x00000000   Number         0  stubs.o ABSOLUTE
    _printf_o                                0x00000000   Number         0  stubs.o ABSOLUTE
    _printf_p                                0x00000000   Number         0  stubs.o ABSOLUTE
    _printf_percent                          0x00000000   Number         0  stubs.o ABSOLUTE
    _printf_pre_padding                      0x00000000   Number         0  stubs.o ABSOLUTE
    _printf_return_value                     0x00000000   Number         0  stubs.o ABSOLUTE
    _printf_s                                0x00000000   Number         0  stubs.o ABSOLUTE
    _printf_sizespec                         0x00000000   Number         0  stubs.o ABSOLUTE
    _printf_str                              0x00000000   Number         0  stubs.o ABSOLUTE
    _printf_truncate_signed                  0x00000000   Number         0  stubs.o ABSOLUTE
    _printf_truncate_unsigned                0x00000000   Number         0  stubs.o ABSOLUTE
    _printf_u                                0x00000000   Number         0  stubs.o ABSOLUTE
    _printf_wc                               0x00000000   Number         0  stubs.o ABSOLUTE
    _printf_wctomb                           0x00000000   Number         0  stubs.o ABSOLUTE
    _printf_widthprec                        0x00000000   Number         0  stubs.o ABSOLUTE
    _printf_x                                0x00000000   Number         0  stubs.o ABSOLUTE
    __cpp_initialize__aeabi_                  - Undefined Weak Reference
    __cxa_finalize                            - Undefined Weak Reference
    __decompress                              - Undefined Weak Reference
    _clock_init                               - Undefined Weak Reference
    _microlib_exit                            - Undefined Weak Reference
    __Vectors_Size                           0x000000ec   Number         0  startup_stm32f103xb.o ABSOLUTE
    __Vectors                                0x08000000   Data           4  startup_stm32f103xb.o(RESET)
    __Vectors_End                            0x080000ec   Data           0  startup_stm32f103xb.o(RESET)
    __main                                   0x080000ed   Thumb Code     0  entry.o(.ARM.Collect$$$$00000000)
    _main_stk                                0x080000ed   Thumb Code     0  entry2.o(.ARM.Collect$$$$00000001)
    _main_scatterload                        0x080000f1   Thumb Code     0  entry5.o(.ARM.Collect$$$$00000004)
    __main_after_scatterload                 0x080000f5   Thumb Code     0  entry5.o(.ARM.Collect$$$$00000004)
    _main_clock                              0x080000f5   Thumb Code     0  entry7b.o(.ARM.Collect$$$$00000008)
    _main_cpp_init                           0x080000f5   Thumb Code     0  entry8b.o(.ARM.Collect$$$$0000000A)
    _main_init                               0x080000f5   Thumb Code     0  entry9a.o(.ARM.Collect$$$$0000000B)
    __rt_final_cpp                           0x080000fd   Thumb Code     0  entry10a.o(.ARM.Collect$$$$0000000D)
    __rt_final_exit                          0x080000fd   Thumb Code     0  entry11a.o(.ARM.Collect$$$$0000000F)
    SVC_Handler                              0x08000101   Thumb Code    32  port.o(.emb_text)
    __asm___6_port_c_39a90d8d__prvStartFirstTask 0x08000125   Thumb Code    28  port.o(.emb_text)
    PendSV_Handler                           0x08000145   Thumb Code    72  port.o(.emb_text)
    vPortGetIPSR                             0x08000191   Thumb Code     6  port.o(.emb_text)
    Reset_Handler                            0x08000199   Thumb Code     8  startup_stm32f103xb.o(.text)
    ADC1_2_IRQHandler                        0x080001b3   Thumb Code     0  startup_stm32f103xb.o(.text)
    CAN1_RX1_IRQHandler                      0x080001b3   Thumb Code     0  startup_stm32f103xb.o(.text)
    CAN1_SCE_IRQHandler                      0x080001b3   Thumb Code     0  startup_stm32f103xb.o(.text)
    DMA1_Channel1_IRQHandler                 0x080001b3   Thumb Code     0  startup_stm32f103xb.o(.text)
    DMA1_Channel2_IRQHandler                 0x080001b3   Thumb Code     0  startup_stm32f103xb.o(.text)
    DMA1_Channel3_IRQHandler                 0x080001b3   Thumb Code     0  startup_stm32f103xb.o(.text)
    DMA1_Channel4_IRQHandler                 0x080001b3   Thumb Code     0  startup_stm32f103xb.o(.text)
    DMA1_Channel5_IRQHandler                 0x080001b3   Thumb Code     0  startup_stm32f103xb.o(.text)
    DMA1_Channel6_IRQHandler                 0x080001b3   Thumb Code     0  startup_stm32f103xb.o(.text)
    DMA1_Channel7_IRQHandler                 0x080001b3   Thumb Code     0  startup_stm32f103xb.o(.text)
    EXTI0_IRQHandler                         0x080001b3   Thumb Code     0  startup_stm32f103xb.o(.text)
    EXTI15_10_IRQHandler                     0x080001b3   Thumb Code     0  startup_stm32f103xb.o(.text)
    EXTI1_IRQHandler                         0x080001b3   Thumb Code     0  startup_stm32f103xb.o(.text)
    EXTI2_IRQHandler                         0x080001b3   Thumb Code     0  startup_stm32f103xb.o(.text)
    EXTI3_IRQHandler                         0x080001b3   Thumb Code     0  startup_stm32f103xb.o(.text)
    EXTI4_IRQHandler                         0x080001b3   Thumb Code     0  startup_stm32f103xb.o(.text)
    FLASH_IRQHandler                         0x080001b3   Thumb Code     0  startup_stm32f103xb.o(.text)
    I2C1_ER_IRQHandler                       0x080001b3   Thumb Code     0  startup_stm32f103xb.o(.text)
    I2C1_EV_IRQHandler                       0x080001b3   Thumb Code     0  startup_stm32f103xb.o(.text)
    I2C2_ER_IRQHandler                       0x080001b3   Thumb Code     0  startup_stm32f103xb.o(.text)
    I2C2_EV_IRQHandler                       0x080001b3   Thumb Code     0  startup_stm32f103xb.o(.text)
    PVD_IRQHandler                           0x080001b3   Thumb Code     0  startup_stm32f103xb.o(.text)
    RCC_IRQHandler                           0x080001b3   Thumb Code     0  startup_stm32f103xb.o(.text)
    RTC_Alarm_IRQHandler                     0x080001b3   Thumb Code     0  startup_stm32f103xb.o(.text)
    RTC_IRQHandler                           0x080001b3   Thumb Code     0  startup_stm32f103xb.o(.text)
    SPI1_IRQHandler                          0x080001b3   Thumb Code     0  startup_stm32f103xb.o(.text)
    SPI2_IRQHandler                          0x080001b3   Thumb Code     0  startup_stm32f103xb.o(.text)
    TAMPER_IRQHandler                        0x080001b3   Thumb Code     0  startup_stm32f103xb.o(.text)
    TIM1_BRK_IRQHandler                      0x080001b3   Thumb Code     0  startup_stm32f103xb.o(.text)
    TIM1_CC_IRQHandler                       0x080001b3   Thumb Code     0  startup_stm32f103xb.o(.text)
    TIM1_TRG_COM_IRQHandler                  0x080001b3   Thumb Code     0  startup_stm32f103xb.o(.text)
    TIM1_UP_IRQHandler                       0x080001b3   Thumb Code     0  startup_stm32f103xb.o(.text)
    TIM2_IRQHandler                          0x080001b3   Thumb Code     0  startup_stm32f103xb.o(.text)
    TIM3_IRQHandler                          0x080001b3   Thumb Code     0  startup_stm32f103xb.o(.text)
    USART1_IRQHandler                        0x080001b3   Thumb Code     0  startup_stm32f103xb.o(.text)
    USART3_IRQHandler                        0x080001b3   Thumb Code     0  startup_stm32f103xb.o(.text)
    USBWakeUp_IRQHandler                     0x080001b3   Thumb Code     0  startup_stm32f103xb.o(.text)
    USB_HP_CAN1_TX_IRQHandler                0x080001b3   Thumb Code     0  startup_stm32f103xb.o(.text)
    USB_LP_CAN1_RX0_IRQHandler               0x080001b3   Thumb Code     0  startup_stm32f103xb.o(.text)
    WWDG_IRQHandler                          0x080001b3   Thumb Code     0  startup_stm32f103xb.o(.text)
    __aeabi_llsr                             0x080001bd   Thumb Code    32  llushr.o(.text)
    _ll_ushift_r                             0x080001bd   Thumb Code     0  llushr.o(.text)
    __aeabi_memcpy                           0x080001dd   Thumb Code    36  memcpya.o(.text)
    __aeabi_memcpy4                          0x080001dd   Thumb Code     0  memcpya.o(.text)
    __aeabi_memcpy8                          0x080001dd   Thumb Code     0  memcpya.o(.text)
    __aeabi_memset                           0x08000201   Thumb Code    14  memseta.o(.text)
    __aeabi_memset4                          0x08000201   Thumb Code     0  memseta.o(.text)
    __aeabi_memset8                          0x08000201   Thumb Code     0  memseta.o(.text)
    __aeabi_memclr                           0x0800020f   Thumb Code     4  memseta.o(.text)
    __aeabi_memclr4                          0x0800020f   Thumb Code     0  memseta.o(.text)
    __aeabi_memclr8                          0x0800020f   Thumb Code     0  memseta.o(.text)
    memset                                   0x08000213   Thumb Code    18  memseta.o(.text)
    strstr                                   0x08000225   Thumb Code    36  strstr.o(.text)
    strlen                                   0x08000249   Thumb Code    14  strlen.o(.text)
    __aeabi_fadd                             0x08000257   Thumb Code   164  fadd.o(.text)
    __aeabi_fsub                             0x080002fb   Thumb Code     6  fadd.o(.text)
    __aeabi_frsub                            0x08000301   Thumb Code     6  fadd.o(.text)
    __aeabi_fmul                             0x08000307   Thumb Code   100  fmul.o(.text)
    __aeabi_fdiv                             0x0800036b   Thumb Code   124  fdiv.o(.text)
    __ARM_scalbnf                            0x080003e7   Thumb Code    24  fscalb.o(.text)
    scalbnf                                  0x080003e7   Thumb Code     0  fscalb.o(.text)
    __aeabi_dadd                             0x080003ff   Thumb Code   322  dadd.o(.text)
    __aeabi_dsub                             0x08000541   Thumb Code     6  dadd.o(.text)
    __aeabi_drsub                            0x08000547   Thumb Code     6  dadd.o(.text)
    __aeabi_dmul                             0x0800054d   Thumb Code   228  dmul.o(.text)
    __aeabi_ddiv                             0x08000631   Thumb Code   222  ddiv.o(.text)
    __aeabi_ui2f                             0x0800070f   Thumb Code    10  ffltui.o(.text)
    __aeabi_ui2d                             0x08000719   Thumb Code    26  dfltui.o(.text)
    __aeabi_f2uiz                            0x08000733   Thumb Code    40  ffixui.o(.text)
    __aeabi_f2d                              0x0800075b   Thumb Code    38  f2d.o(.text)
    __aeabi_cdcmpeq                          0x08000781   Thumb Code     0  cdcmple.o(.text)
    __aeabi_cdcmple                          0x08000781   Thumb Code    48  cdcmple.o(.text)
    __aeabi_d2f                              0x080007b1   Thumb Code    56  d2f.o(.text)
    __aeabi_uidiv                            0x080007e9   Thumb Code     0  uidiv.o(.text)
    __aeabi_uidivmod                         0x080007e9   Thumb Code    44  uidiv.o(.text)
    __aeabi_uldivmod                         0x08000815   Thumb Code    98  uldiv.o(.text)
    __aeabi_llsl                             0x08000877   Thumb Code    30  llshl.o(.text)
    _ll_shift_l                              0x08000877   Thumb Code     0  llshl.o(.text)
    __aeabi_lasr                             0x08000895   Thumb Code    36  llsshr.o(.text)
    _ll_sshift_r                             0x08000895   Thumb Code     0  llsshr.o(.text)
    __I$use$fp                               0x080008b9   Thumb Code     0  iusefp.o(.text)
    _float_round                             0x080008b9   Thumb Code    18  fepilogue.o(.text)
    _float_epilogue                          0x080008cb   Thumb Code    92  fepilogue.o(.text)
    _double_round                            0x08000927   Thumb Code    30  depilogue.o(.text)
    _double_epilogue                         0x08000945   Thumb Code   156  depilogue.o(.text)
    __ARM_scalbn                             0x080009e1   Thumb Code    46  dscalb.o(.text)
    scalbn                                   0x080009e1   Thumb Code     0  dscalb.o(.text)
    __aeabi_i2d                              0x08000a0f   Thumb Code    34  dflti.o(.text)
    __aeabi_d2ulz                            0x08000a31   Thumb Code    48  dfixul.o(.text)
    __aeabi_cdrcmple                         0x08000a61   Thumb Code    48  cdrcmple.o(.text)
    __scatterload                            0x08000a91   Thumb Code    28  init.o(.text)
    __scatterload_rt2                        0x08000a91   Thumb Code     0  init.o(.text)
    ADC_ConversionStop_Disable               0x08000ab5   Thumb Code    86  stm32f1xx_hal_adc.o(i.ADC_ConversionStop_Disable)
    ADC_Enable                               0x08000b0d   Thumb Code   114  stm32f1xx_hal_adc.o(i.ADC_Enable)
    BusFault_Handler                         0x08000b89   Thumb Code     2  stm32f1xx_it.o(i.BusFault_Handler)
    DebugMon_Handler                         0x08000b8b   Thumb Code     2  stm32f1xx_it.o(i.DebugMon_Handler)
    EXTI9_5_IRQHandler                       0x08000b8d   Thumb Code     8  stm32f1xx_it.o(i.EXTI9_5_IRQHandler)
    Error_Handler                            0x08000b95   Thumb Code     4  main.o(i.Error_Handler)
    HAL_ADC_ConfigChannel                    0x08000b99   Thumb Code   240  stm32f1xx_hal_adc.o(i.HAL_ADC_ConfigChannel)
    HAL_ADC_GetValue                         0x08000c95   Thumb Code     6  stm32f1xx_hal_adc.o(i.HAL_ADC_GetValue)
    HAL_ADC_Init                             0x08000c9d   Thumb Code   272  stm32f1xx_hal_adc.o(i.HAL_ADC_Init)
    HAL_ADC_MspInit                          0x08000db9   Thumb Code    74  adc.o(i.HAL_ADC_MspInit)
    HAL_ADC_PollForConversion                0x08000e11   Thumb Code   304  stm32f1xx_hal_adc.o(i.HAL_ADC_PollForConversion)
    HAL_ADC_Start                            0x08000f4d   Thumb Code   184  stm32f1xx_hal_adc.o(i.HAL_ADC_Start)
    HAL_ADC_Stop                             0x0800100d   Thumb Code    52  stm32f1xx_hal_adc.o(i.HAL_ADC_Stop)
    HAL_DMA_Abort                            0x08001041   Thumb Code    70  stm32f1xx_hal_dma.o(i.HAL_DMA_Abort)
    HAL_DMA_Abort_IT                         0x08001089   Thumb Code   148  stm32f1xx_hal_dma.o(i.HAL_DMA_Abort_IT)
    HAL_GPIO_EXTI_Callback                   0x08001121   Thumb Code    28  em_hal.o(i.HAL_GPIO_EXTI_Callback)
    HAL_GPIO_EXTI_IRQHandler                 0x08001145   Thumb Code    18  stm32f1xx_hal_gpio.o(i.HAL_GPIO_EXTI_IRQHandler)
    HAL_GPIO_Init                            0x0800115d   Thumb Code   446  stm32f1xx_hal_gpio.o(i.HAL_GPIO_Init)
    HAL_GPIO_ReadPin                         0x0800133d   Thumb Code    10  stm32f1xx_hal_gpio.o(i.HAL_GPIO_ReadPin)
    HAL_GPIO_WritePin                        0x08001347   Thumb Code    10  stm32f1xx_hal_gpio.o(i.HAL_GPIO_WritePin)
    HAL_GetTick                              0x08001351   Thumb Code     6  stm32f1xx_hal.o(i.HAL_GetTick)
    HAL_IncTick                              0x0800135d   Thumb Code    12  stm32f1xx_hal.o(i.HAL_IncTick)
    HAL_Init                                 0x0800136d   Thumb Code    32  stm32f1xx_hal.o(i.HAL_Init)
    HAL_InitTick                             0x08001391   Thumb Code   100  stm32f1xx_hal_timebase_tim.o(i.HAL_InitTick)
    HAL_MspInit                              0x08001405   Thumb Code    62  stm32f1xx_hal_msp.o(i.HAL_MspInit)
    HAL_NVIC_EnableIRQ                       0x0800144d   Thumb Code    26  stm32f1xx_hal_cortex.o(i.HAL_NVIC_EnableIRQ)
    HAL_NVIC_SetPriority                     0x08001469   Thumb Code    60  stm32f1xx_hal_cortex.o(i.HAL_NVIC_SetPriority)
    HAL_NVIC_SetPriorityGrouping             0x080014a9   Thumb Code    26  stm32f1xx_hal_cortex.o(i.HAL_NVIC_SetPriorityGrouping)
    HAL_RCCEx_GetPeriphCLKFreq               0x080014cd   Thumb Code   148  stm32f1xx_hal_rcc_ex.o(i.HAL_RCCEx_GetPeriphCLKFreq)
    HAL_RCCEx_PeriphCLKConfig                0x08001571   Thumb Code   224  stm32f1xx_hal_rcc_ex.o(i.HAL_RCCEx_PeriphCLKConfig)
    HAL_RCC_ClockConfig                      0x0800165d   Thumb Code   280  stm32f1xx_hal_rcc.o(i.HAL_RCC_ClockConfig)
    HAL_RCC_GetClockConfig                   0x08001789   Thumb Code    54  stm32f1xx_hal_rcc.o(i.HAL_RCC_GetClockConfig)
    HAL_RCC_GetPCLK1Freq                     0x080017c9   Thumb Code    20  stm32f1xx_hal_rcc.o(i.HAL_RCC_GetPCLK1Freq)
    HAL_RCC_GetPCLK2Freq                     0x080017e9   Thumb Code    20  stm32f1xx_hal_rcc.o(i.HAL_RCC_GetPCLK2Freq)
    HAL_RCC_GetSysClockFreq                  0x08001809   Thumb Code    58  stm32f1xx_hal_rcc.o(i.HAL_RCC_GetSysClockFreq)
    HAL_RCC_OscConfig                        0x08001855   Thumb Code   778  stm32f1xx_hal_rcc.o(i.HAL_RCC_OscConfig)
    HAL_SPI_Init                             0x08001b75   Thumb Code   178  stm32f1xx_hal_spi.o(i.HAL_SPI_Init)
    HAL_SPI_MspInit                          0x08001c29   Thumb Code    80  spi.o(i.HAL_SPI_MspInit)
    HAL_SPI_Transmit                         0x08001c85   Thumb Code   366  stm32f1xx_hal_spi.o(i.HAL_SPI_Transmit)
    HAL_TIMEx_BreakCallback                  0x08001df3   Thumb Code     2  stm32f1xx_hal_tim_ex.o(i.HAL_TIMEx_BreakCallback)
    HAL_TIMEx_CommutCallback                 0x08001df5   Thumb Code     2  stm32f1xx_hal_tim_ex.o(i.HAL_TIMEx_CommutCallback)
    HAL_TIMEx_MasterConfigSynchronization    0x08001df9   Thumb Code    92  stm32f1xx_hal_tim_ex.o(i.HAL_TIMEx_MasterConfigSynchronization)
    HAL_TIM_Base_Init                        0x08001e61   Thumb Code    90  stm32f1xx_hal_tim.o(i.HAL_TIM_Base_Init)
    HAL_TIM_Base_MspInit                     0x08001ebd   Thumb Code    30  tim.o(i.HAL_TIM_Base_MspInit)
    HAL_TIM_Base_Start_IT                    0x08001ee5   Thumb Code    76  stm32f1xx_hal_tim.o(i.HAL_TIM_Base_Start_IT)
    HAL_TIM_ConfigClockSource                0x08001f3d   Thumb Code   220  stm32f1xx_hal_tim.o(i.HAL_TIM_ConfigClockSource)
    HAL_TIM_IC_CaptureCallback               0x08002019   Thumb Code     2  stm32f1xx_hal_tim.o(i.HAL_TIM_IC_CaptureCallback)
    HAL_TIM_IRQHandler                       0x0800201b   Thumb Code   358  stm32f1xx_hal_tim.o(i.HAL_TIM_IRQHandler)
    HAL_TIM_OC_DelayElapsedCallback          0x08002181   Thumb Code     2  stm32f1xx_hal_tim.o(i.HAL_TIM_OC_DelayElapsedCallback)
    HAL_TIM_PWM_PulseFinishedCallback        0x08002183   Thumb Code     2  stm32f1xx_hal_tim.o(i.HAL_TIM_PWM_PulseFinishedCallback)
    HAL_TIM_PeriodElapsedCallback            0x08002185   Thumb Code    14  main.o(i.HAL_TIM_PeriodElapsedCallback)
    HAL_TIM_TriggerCallback                  0x08002199   Thumb Code     2  stm32f1xx_hal_tim.o(i.HAL_TIM_TriggerCallback)
    HAL_UARTEx_RxEventCallback               0x0800219b   Thumb Code     2  stm32f1xx_hal_uart.o(i.HAL_UARTEx_RxEventCallback)
    HAL_UART_ErrorCallback                   0x0800219d   Thumb Code     2  stm32f1xx_hal_uart.o(i.HAL_UART_ErrorCallback)
    HAL_UART_IRQHandler                      0x080021a1   Thumb Code   616  stm32f1xx_hal_uart.o(i.HAL_UART_IRQHandler)
    HAL_UART_Init                            0x0800240d   Thumb Code   100  stm32f1xx_hal_uart.o(i.HAL_UART_Init)
    HAL_UART_MspInit                         0x08002471   Thumb Code   186  usart.o(i.HAL_UART_MspInit)
    HAL_UART_Receive_IT                      0x0800253d   Thumb Code    28  stm32f1xx_hal_uart.o(i.HAL_UART_Receive_IT)
    HAL_UART_RxCpltCallback                  0x08002559   Thumb Code    34  usart.o(i.HAL_UART_RxCpltCallback)
    HAL_UART_Transmit                        0x08002589   Thumb Code   154  stm32f1xx_hal_uart.o(i.HAL_UART_Transmit)
    HAL_UART_TxCpltCallback                  0x08002623   Thumb Code     2  stm32f1xx_hal_uart.o(i.HAL_UART_TxCpltCallback)
    HardFault_Handler                        0x08002625   Thumb Code     2  stm32f1xx_it.o(i.HardFault_Handler)
    MX_ADC1_Init                             0x08002629   Thumb Code    94  adc.o(i.MX_ADC1_Init)
    MX_FREERTOS_Init                         0x08002691   Thumb Code    30  freertos.o(i.MX_FREERTOS_Init)
    MX_GPIO_Init                             0x080026b9   Thumb Code   222  gpio.o(i.MX_GPIO_Init)
    MX_SPI1_Init                             0x080027a9   Thumb Code    66  spi.o(i.MX_SPI1_Init)
    MX_TIM1_Init                             0x080027f5   Thumb Code    96  tim.o(i.MX_TIM1_Init)
    MX_USART1_UART_Init                      0x0800285d   Thumb Code    48  usart.o(i.MX_USART1_UART_Init)
    MX_USART2_UART_Init                      0x08002895   Thumb Code    48  usart.o(i.MX_USART2_UART_Init)
    MemManage_Handler                        0x080028cd   Thumb Code     2  stm32f1xx_it.o(i.MemManage_Handler)
    NMI_Handler                              0x080028cf   Thumb Code     2  stm32f1xx_it.o(i.NMI_Handler)
    StartDefaultTask                         0x080029a9   Thumb Code     8  freertos.o(i.StartDefaultTask)
    SysTick_Handler                          0x080029b1   Thumb Code    38  port.o(i.SysTick_Handler)
    SystemClock_Config                       0x080029dd   Thumb Code   120  main.o(i.SystemClock_Config)
    SystemInit                               0x08002a55   Thumb Code     2  system_stm32f1xx.o(i.SystemInit)
    TIM4_IRQHandler                          0x08002a59   Thumb Code     6  stm32f1xx_it.o(i.TIM4_IRQHandler)
    TIM_Base_SetConfig                       0x08002a65   Thumb Code    94  stm32f1xx_hal_tim.o(i.TIM_Base_SetConfig)
    TIM_ETR_SetConfig                        0x08002ad1   Thumb Code    20  stm32f1xx_hal_tim.o(i.TIM_ETR_SetConfig)
    UART_Start_Receive_IT                    0x08002d15   Thumb Code    54  stm32f1xx_hal_uart.o(i.UART_Start_Receive_IT)
    USART2_IRQHandler                        0x08002dc5   Thumb Code     6  stm32f1xx_it.o(i.USART2_IRQHandler)
    UsageFault_Handler                       0x08002dd1   Thumb Code     2  stm32f1xx_it.o(i.UsageFault_Handler)
    __0printf                                0x08002dd5   Thumb Code    22  printfa.o(i.__0printf)
    __1printf                                0x08002dd5   Thumb Code     0  printfa.o(i.__0printf)
    __2printf                                0x08002dd5   Thumb Code     0  printfa.o(i.__0printf)
    __c89printf                              0x08002dd5   Thumb Code     0  printfa.o(i.__0printf)
    printf                                   0x08002dd5   Thumb Code     0  printfa.o(i.__0printf)
    __kernel_poly                            0x08002e15   Thumb Code   170  poly.o(i.__kernel_poly)
    __mathlib_dbl_divzero                    0x08002ec1   Thumb Code    12  dunder.o(i.__mathlib_dbl_divzero)
    __mathlib_dbl_infnan                     0x08002ed1   Thumb Code     6  dunder.o(i.__mathlib_dbl_infnan)
    __mathlib_dbl_invalid                    0x08002ed7   Thumb Code    12  dunder.o(i.__mathlib_dbl_invalid)
    __scatterload_copy                       0x08002ee3   Thumb Code    14  handlers.o(i.__scatterload_copy)
    __scatterload_null                       0x08002ef1   Thumb Code     2  handlers.o(i.__scatterload_null)
    __scatterload_zeroinit                   0x08002ef3   Thumb Code    14  handlers.o(i.__scatterload_zeroinit)
    __set_errno                              0x08002f01   Thumb Code     6  errno.o(i.__set_errno)
    adc_alg_handle                           0x080037bf   Thumb Code    50  em_adc.o(i.adc_alg_handle)
    adc_init                                 0x080037f1   Thumb Code    22  em_adc.o(i.adc_init)
    ble_report                               0x0800380d   Thumb Code    54  em_ble.o(i.ble_report)
    ble_status_data_clean                    0x0800384d   Thumb Code    40  em_ble.o(i.ble_status_data_clean)
    clean_blepack_count                      0x0800388d   Thumb Code     8  em_ble.o(i.clean_blepack_count)
    clean_printbuffer                        0x08003899   Thumb Code    12  em_queue.o(i.clean_printbuffer)
    clean_state_timeout                      0x080038a9   Thumb Code     8  em_timer.o(i.clean_state_timeout)
    clearAddTime                             0x080038b5   Thumb Code    18  em_printer.o(i.clearAddTime)
    close_printer_timeout_timer              0x080038cd   Thumb Code     8  em_timer.o(i.close_printer_timeout_timer)
    em_temp_calculate                        0x0800399d   Thumb Code    72  em_adc.o(i.em_temp_calculate)
    fputc                                    0x080039fd   Thumb Code    20  main.o(i.fputc)
    get_adc_temperatrue                      0x08003a15   Thumb Code   112  em_adc.o(i.get_adc_temperatrue)
    get_adc_volts                            0x08003ad5   Thumb Code   202  em_adc.o(i.get_adc_volts)
    get_ble_connect                          0x08003bfd   Thumb Code     6  em_ble.o(i.get_ble_connect)
    get_ble_rx_leftline                      0x08003c09   Thumb Code     8  em_queue.o(i.get_ble_rx_leftline)
    get_blepack_count                        0x08003c15   Thumb Code     6  em_ble.o(i.get_blepack_count)
    get_device_state                         0x08003c21   Thumb Code     4  em_device.o(i.get_device_state)
    get_printer_timeout_status               0x08003c29   Thumb Code     6  em_timer.o(i.get_printer_timeout_status)
    get_state_timeout                        0x08003c35   Thumb Code     6  em_timer.o(i.get_state_timeout)
    init_ble                                 0x08003c4d   Thumb Code   336  em_ble.o(i.init_ble)
    init_device_state                        0x08003e9d   Thumb Code    22  em_device.o(i.init_device_state)
    init_hal                                 0x08003eb9   Thumb Code     8  em_hal.o(i.init_hal)
    init_key                                 0x08003ec1   Thumb Code     2  em_button.o(i.init_key)
    init_motor                               0x08003ec3   Thumb Code    38  em_motor.o(i.init_motor)
    init_printer                             0x08003ee9   Thumb Code    26  em_printer.o(i.init_printer)
    init_queue                               0x08003f21   Thumb Code    18  em_queue.o(i.init_queue)
    init_spi                                 0x08003f39   Thumb Code     2  em_spi.o(i.init_spi)
    init_task                                0x08003f3d   Thumb Code    92  em_task.o(i.init_task)
    init_timer                               0x08003fd5   Thumb Code    36  em_timer.o(i.init_timer)
    key_check_run                            0x08004001   Thumb Code   116  em_button.o(i.key_check_run)
    key_click_handle                         0x08004079   Thumb Code    16  em_task.o(i.key_click_handle)
    key_long_click_free_handle               0x0800409d   Thumb Code    22  em_task.o(i.key_long_click_free_handle)
    key_long_click_handle                    0x080040c5   Thumb Code    68  em_task.o(i.key_long_click_handle)
    log                                      0x08004129   Thumb Code   808  log.o(i.log)
    main                                     0x08004485   Thumb Code    62  main.o(i.main)
    motor_run                                0x080044f5   Thumb Code    80  em_motor.o(i.motor_run)
    motor_run_step                           0x08004549   Thumb Code   156  em_motor.o(i.motor_run_step)
    motor_start                              0x080045ed   Thumb Code    40  em_motor.o(i.motor_start)
    motor_stop                               0x0800461d   Thumb Code    52  em_motor.o(i.motor_stop)
    move_and_start_std                       0x08004655   Thumb Code   110  em_printer.o(i.move_and_start_std)
    open_printer_timeout_timer               0x080046d1   Thumb Code    40  em_timer.o(i.open_printer_timeout_timer)
    osDelay                                  0x08004701   Thumb Code    14  cmsis_os.o(i.osDelay)
    osKernelStart                            0x0800470f   Thumb Code    10  cmsis_os.o(i.osKernelStart)
    osThreadCreate                           0x08004719   Thumb Code    84  cmsis_os.o(i.osThreadCreate)
    osTimerCreate                            0x0800476d   Thumb Code    60  cmsis_os.o(i.osTimerCreate)
    osTimerDelete                            0x080047ad   Thumb Code    44  cmsis_os.o(i.osTimerDelete)
    osTimerStart                             0x080047d9   Thumb Code    88  cmsis_os.o(i.osTimerStart)
    osTimerStop                              0x08004835   Thumb Code    82  cmsis_os.o(i.osTimerStop)
    printing_error_check                     0x0800488d   Thumb Code    90  em_printer.o(i.printing_error_check)
    pvPortMalloc                             0x08005091   Thumb Code   210  heap_4.o(i.pvPortMalloc)
    pvTaskIncrementMutexHeldCount            0x08005169   Thumb Code    18  tasks.o(i.pvTaskIncrementMutexHeldCount)
    pxPortInitialiseStack                    0x08005181   Thumb Code    32  port.o(i.pxPortInitialiseStack)
    read_all_hal                             0x080051a5   Thumb Code    18  em_hal.o(i.read_all_hal)
    read_battery                             0x080051b9   Thumb Code    66  em_hal.o(i.read_battery)
    read_motor_timer_callbackfun             0x0800520d   Thumb Code    80  em_motor.o(i.read_motor_timer_callbackfun)
    read_paper_irq_need_report_status        0x08005261   Thumb Code    18  em_hal.o(i.read_paper_irq_need_report_status)
    read_paper_statue                        0x08005279   Thumb Code    46  em_hal.o(i.read_paper_statue)
    read_state_timer_callbackfun             0x080052c1   Thumb Code    16  em_timer.o(i.read_state_timer_callbackfun)
    read_temperature                         0x080052e9   Thumb Code    54  em_hal.o(i.read_temperature)
    read_timeout_timer_callbackfun           0x08005339   Thumb Code    16  em_timer.o(i.read_timeout_timer_callbackfun)
    read_to_printer                          0x08005365   Thumb Code    92  em_queue.o(i.read_to_printer)
    run_beep                                 0x080053cd   Thumb Code     2  em_hal.o(i.run_beep)
    run_led                                  0x080053cf   Thumb Code   140  em_hal.o(i.run_led)
    run_printer                              0x0800545d   Thumb Code    74  em_task.o(i.run_printer)
    run_report                               0x080054d5   Thumb Code    56  em_task.o(i.run_report)
    set_device_paper_status                  0x08005a01   Thumb Code     6  em_device.o(i.set_device_paper_status)
    set_heat_density                         0x08005a0d   Thumb Code    18  em_printer.o(i.set_heat_density)
    set_read_ble_finish                      0x08005a39   Thumb Code     6  em_device.o(i.set_read_ble_finish)
    spiCommand                               0x08005a7d   Thumb Code    14  em_spi.o(i.spiCommand)
    start_printing_by_onestb                 0x08005a91   Thumb Code    96  em_printer.o(i.start_printing_by_onestb)
    start_printing_by_queuebuf               0x08005b1d   Thumb Code    94  em_printer.o(i.start_printing_by_queuebuf)
    task_button                              0x08005ba5   Thumb Code    34  em_task.o(i.task_button)
    task_printer                             0x08005bf1   Thumb Code    60  em_task.o(i.task_printer)
    task_report                              0x08005c59   Thumb Code    34  em_task.o(i.task_report)
    testSTB                                  0x08005ca5   Thumb Code   118  em_printer.o(i.testSTB)
    uart_cmd_handle                          0x08005d5d   Thumb Code   428  em_ble.o(i.uart_cmd_handle)
    uxListRemove                             0x08005f9d   Thumb Code    38  list.o(i.uxListRemove)
    vApplicationGetIdleTaskMemory            0x08005fc5   Thumb Code    16  freertos.o(i.vApplicationGetIdleTaskMemory)
    vApplicationGetTimerTaskMemory           0x08005fd9   Thumb Code    18  freertos.o(i.vApplicationGetTimerTaskMemory)
    vListInitialise                          0x08005ff1   Thumb Code    22  list.o(i.vListInitialise)
    vListInitialiseItem                      0x08006007   Thumb Code     6  list.o(i.vListInitialiseItem)
    vListInsert                              0x0800600d   Thumb Code    48  list.o(i.vListInsert)
    vListInsertEnd                           0x0800603d   Thumb Code    24  list.o(i.vListInsertEnd)
    vPortEnterCritical                       0x08006055   Thumb Code    54  port.o(i.vPortEnterCritical)
    vPortExitCritical                        0x08006095   Thumb Code    34  port.o(i.vPortExitCritical)
    vPortFree                                0x080060bd   Thumb Code    88  heap_4.o(i.vPortFree)
    vPortSetupTimerInterrupt                 0x08006119   Thumb Code    32  port.o(i.vPortSetupTimerInterrupt)
    vPortValidateInterruptPriority           0x0800613d   Thumb Code    74  port.o(i.vPortValidateInterruptPriority)
    vQueueAddToRegistry                      0x08006191   Thumb Code    34  queue.o(i.vQueueAddToRegistry)
    vQueueWaitForMessageRestricted           0x080061b9   Thumb Code    68  queue.o(i.vQueueWaitForMessageRestricted)
    vTaskDelay                               0x080061fd   Thumb Code    66  tasks.o(i.vTaskDelay)
    vTaskInternalSetTimeOutState             0x08006249   Thumb Code    12  tasks.o(i.vTaskInternalSetTimeOutState)
    vTaskMissedYield                         0x08006259   Thumb Code     8  tasks.o(i.vTaskMissedYield)
    vTaskPlaceOnEventList                    0x08006265   Thumb Code    44  tasks.o(i.vTaskPlaceOnEventList)
    vTaskPlaceOnEventListRestricted          0x08006295   Thumb Code    52  tasks.o(i.vTaskPlaceOnEventListRestricted)
    vTaskPriorityDisinheritAfterTimeout      0x080062cd   Thumb Code   160  tasks.o(i.vTaskPriorityDisinheritAfterTimeout)
    vTaskStartScheduler                      0x08006375   Thumb Code   118  tasks.o(i.vTaskStartScheduler)
    vTaskSuspendAll                          0x080063fd   Thumb Code    10  tasks.o(i.vTaskSuspendAll)
    vTaskSwitchContext                       0x0800640d   Thumb Code    82  tasks.o(i.vTaskSwitchContext)
    write_to_printbuffer                     0x08006469   Thumb Code   142  em_queue.o(i.write_to_printbuffer)
    xPortStartScheduler                      0x08006509   Thumb Code   154  port.o(i.xPortStartScheduler)
    xQueueCreateMutex                        0x080065b1   Thumb Code    22  queue.o(i.xQueueCreateMutex)
    xQueueGenericCreate                      0x080065c7   Thumb Code    72  queue.o(i.xQueueGenericCreate)
    xQueueGenericCreateStatic                0x0800660f   Thumb Code   102  queue.o(i.xQueueGenericCreateStatic)
    xQueueGenericReset                       0x08006675   Thumb Code   132  queue.o(i.xQueueGenericReset)
    xQueueGenericSend                        0x080066fd   Thumb Code   346  queue.o(i.xQueueGenericSend)
    xQueueGenericSendFromISR                 0x0800685d   Thumb Code   188  queue.o(i.xQueueGenericSendFromISR)
    xQueueGiveFromISR                        0x08006919   Thumb Code   156  queue.o(i.xQueueGiveFromISR)
    xQueueReceive                            0x080069b5   Thumb Code   308  queue.o(i.xQueueReceive)
    xQueueReceiveFromISR                     0x08006aed   Thumb Code   154  queue.o(i.xQueueReceiveFromISR)
    xQueueSemaphoreTake                      0x08006b89   Thumb Code   372  queue.o(i.xQueueSemaphoreTake)
    xTaskCheckForTimeOut                     0x08006d01   Thumb Code   112  tasks.o(i.xTaskCheckForTimeOut)
    xTaskCreate                              0x08006d75   Thumb Code    90  tasks.o(i.xTaskCreate)
    xTaskCreateStatic                        0x08006dcf   Thumb Code    86  tasks.o(i.xTaskCreateStatic)
    xTaskGetSchedulerState                   0x08006e25   Thumb Code    22  tasks.o(i.xTaskGetSchedulerState)
    xTaskGetTickCount                        0x08006e41   Thumb Code     6  tasks.o(i.xTaskGetTickCount)
    xTaskIncrementTick                       0x08006e4d   Thumb Code   192  tasks.o(i.xTaskIncrementTick)
    xTaskPriorityDisinherit                  0x08006f15   Thumb Code   144  tasks.o(i.xTaskPriorityDisinherit)
    xTaskPriorityInherit                     0x08006fad   Thumb Code   138  tasks.o(i.xTaskPriorityInherit)
    xTaskRemoveFromEventList                 0x08007041   Thumb Code   108  tasks.o(i.xTaskRemoveFromEventList)
    xTaskResumeAll                           0x080070b5   Thumb Code   182  tasks.o(i.xTaskResumeAll)
    xTimerCreate                             0x08007179   Thumb Code    52  timers.o(i.xTimerCreate)
    xTimerCreateStatic                       0x080071ad   Thumb Code    46  timers.o(i.xTimerCreateStatic)
    xTimerCreateTimerTask                    0x080071dd   Thumb Code    78  timers.o(i.xTimerCreateTimerTask)
    xTimerGenericCommand                     0x0800723d   Thumb Code    92  timers.o(i.xTimerGenericCommand)
    AHBPrescTable                            0x080072f4   Data          16  system_stm32f1xx.o(.constdata)
    APBPrescTable                            0x08007304   Data           8  system_stm32f1xx.o(.constdata)
    __mathlib_zero                           0x08007348   Data           8  qnan.o(.constdata)
    Region$$Table$$Base                      0x080073b0   Number         0  anon$$obj.o(Region$$Table)
    Region$$Table$$Limit                     0x080073d0   Number         0  anon$$obj.o(Region$$Table)
    defaultTaskHandle                        0x20000000   Data           4  freertos.o(.data)
    aRxBuffer                                0x20000004   Data           1  usart.o(.data)
    g_device_state                           0x20000005   Data           5  em_device.o(.data)
    xHandler                                 0x2000000c   Data           4  em_queue.o(.data)
    ADC_Value                                0x20000014   Data           8  em_adc.o(.data)
    keyIsPress                               0x2000001c   Data           1  em_button.o(.data)
    longPressIsStart                         0x2000001d   Data           1  em_button.o(.data)
    clicktime                                0x20000020   Data           4  em_button.o(.data)
    motor_pos                                0x20000024   Data           1  em_motor.o(.data)
    myMotorTimerHandle                       0x20000028   Data           4  em_motor.o(.data)
    motor_table                              0x2000002c   Data          32  em_motor.o(.data)
    read_state_timeout                       0x2000004c   Data           1  em_timer.o(.data)
    printer_timeout                          0x2000004d   Data           1  em_timer.o(.data)
    myStateTimerHandle                       0x20000050   Data           4  em_timer.o(.data)
    myTimeoutTimerHandle                     0x20000054   Data           4  em_timer.o(.data)
    need_report                              0x20000058   Data           1  em_hal.o(.data)
    heat_density                             0x20000059   Data           1  em_printer.o(.data)
    bleConnected                             0x2000005c   Data           1  em_ble.o(.data)
    g_ble_init_step                          0x2000005d   Data           1  em_ble.o(.data)
    need_reboot_ble                          0x2000005e   Data           1  em_ble.o(.data)
    need_clean_ble_status                    0x2000005f   Data           1  em_ble.o(.data)
    packcount                                0x20000060   Data           4  em_ble.o(.data)
    ble_in_at_mode                           0x20000064   Data           4  em_ble.o(.data)
    ble_set_status                           0x20000068   Data           4  em_ble.o(.data)
    ble_query_status                         0x2000006c   Data           4  em_ble.o(.data)
    ble_query_name                           0x20000070   Data           4  em_ble.o(.data)
    ble_set_name                             0x20000074   Data           4  em_ble.o(.data)
    ble_out_at_mode                          0x20000078   Data           4  em_ble.o(.data)
    cmd_index                                0x2000007c   Data           4  em_ble.o(.data)
    retry_count                              0x20000080   Data           4  em_ble.o(.data)
    printer_test                             0x20000084   Data           1  em_task.o(.data)
    is_long_click_start                      0x20000085   Data           1  em_task.o(.data)
    uwTickFreq                               0x20000088   Data           1  stm32f1xx_hal.o(.data)
    uwTickPrio                               0x2000008c   Data           4  stm32f1xx_hal.o(.data)
    uwTick                                   0x20000090   Data           4  stm32f1xx_hal.o(.data)
    SystemCoreClock                          0x20000094   Data           4  system_stm32f1xx.o(.data)
    pxCurrentTCB                             0x20000098   Data           4  tasks.o(.data)
    __stdout                                 0x2000010c   Data           4  stdout.o(.data)
    hadc1                                    0x200007bc   Data          48  adc.o(.bss)
    hspi1                                    0x200007ec   Data          88  spi.o(.bss)
    htim1                                    0x20000844   Data          72  tim.o(.bss)
    huart1                                   0x2000088c   Data          72  usart.o(.bss)
    huart2                                   0x200008d4   Data          72  usart.o(.bss)
    htim4                                    0x2000091c   Data          72  stm32f1xx_hal_timebase_tim.o(.bss)
    g_ble_rx                                 0x20000964   Data       13212  em_queue.o(.bss)
    addTime                                  0x20003d00   Data          24  em_printer.o(.bss)
    cmd_buffer                               0x20003d18   Data         100  em_ble.o(.bss)
    xQueueRegistry                           0x20003d7c   Data          64  queue.o(.bss)
    __initial_sp                             0x20004f98   Data           0  startup_stm32f103xb.o(STACK)



==============================================================================

Memory Map of the image

  Image Entry point : 0x080000ed

  Load Region LR_IROM1 (Base: 0x08000000, Size: 0x000074e4, Max: 0x00010000, ABSOLUTE)

    Execution Region ER_IROM1 (Exec base: 0x08000000, Load base: 0x08000000, Size: 0x000073d0, Max: 0x00010000, ABSOLUTE)

    Exec Addr    Load Addr    Size         Type   Attr      Idx    E Section Name        Object

    0x08000000   0x08000000   0x000000ec   Data   RO            3    RESET               startup_stm32f103xb.o
    0x080000ec   0x080000ec   0x00000000   Code   RO         5747  * .ARM.Collect$$$$00000000  mc_w.l(entry.o)
    0x080000ec   0x080000ec   0x00000004   Code   RO         6068    .ARM.Collect$$$$00000001  mc_w.l(entry2.o)
    0x080000f0   0x080000f0   0x00000004   Code   RO         6071    .ARM.Collect$$$$00000004  mc_w.l(entry5.o)
    0x080000f4   0x080000f4   0x00000000   Code   RO         6073    .ARM.Collect$$$$00000008  mc_w.l(entry7b.o)
    0x080000f4   0x080000f4   0x00000000   Code   RO         6075    .ARM.Collect$$$$0000000A  mc_w.l(entry8b.o)
    0x080000f4   0x080000f4   0x00000008   Code   RO         6076    .ARM.Collect$$$$0000000B  mc_w.l(entry9a.o)
    0x080000fc   0x080000fc   0x00000000   Code   RO         6078    .ARM.Collect$$$$0000000D  mc_w.l(entry10a.o)
    0x080000fc   0x080000fc   0x00000000   Code   RO         6080    .ARM.Collect$$$$0000000F  mc_w.l(entry11a.o)
    0x080000fc   0x080000fc   0x00000004   Code   RO         6069    .ARM.Collect$$$$00002712  mc_w.l(entry2.o)
    0x08000100   0x08000100   0x00000096   Code   RO         5660    .emb_text           port.o
    0x08000196   0x08000196   0x00000002   PAD
    0x08000198   0x08000198   0x00000024   Code   RO            4    .text               startup_stm32f103xb.o
    0x080001bc   0x080001bc   0x00000020   Code   RO         5750    .text               mc_w.l(llushr.o)
    0x080001dc   0x080001dc   0x00000024   Code   RO         5752    .text               mc_w.l(memcpya.o)
    0x08000200   0x08000200   0x00000024   Code   RO         5756    .text               mc_w.l(memseta.o)
    0x08000224   0x08000224   0x00000024   Code   RO         5758    .text               mc_w.l(strstr.o)
    0x08000248   0x08000248   0x0000000e   Code   RO         5760    .text               mc_w.l(strlen.o)
    0x08000256   0x08000256   0x000000b0   Code   RO         6025    .text               mf_w.l(fadd.o)
    0x08000306   0x08000306   0x00000064   Code   RO         6027    .text               mf_w.l(fmul.o)
    0x0800036a   0x0800036a   0x0000007c   Code   RO         6029    .text               mf_w.l(fdiv.o)
    0x080003e6   0x080003e6   0x00000018   Code   RO         6031    .text               mf_w.l(fscalb.o)
    0x080003fe   0x080003fe   0x0000014e   Code   RO         6033    .text               mf_w.l(dadd.o)
    0x0800054c   0x0800054c   0x000000e4   Code   RO         6035    .text               mf_w.l(dmul.o)
    0x08000630   0x08000630   0x000000de   Code   RO         6037    .text               mf_w.l(ddiv.o)
    0x0800070e   0x0800070e   0x0000000a   Code   RO         6039    .text               mf_w.l(ffltui.o)
    0x08000718   0x08000718   0x0000001a   Code   RO         6041    .text               mf_w.l(dfltui.o)
    0x08000732   0x08000732   0x00000028   Code   RO         6043    .text               mf_w.l(ffixui.o)
    0x0800075a   0x0800075a   0x00000026   Code   RO         6045    .text               mf_w.l(f2d.o)
    0x08000780   0x08000780   0x00000030   Code   RO         6047    .text               mf_w.l(cdcmple.o)
    0x080007b0   0x080007b0   0x00000038   Code   RO         6049    .text               mf_w.l(d2f.o)
    0x080007e8   0x080007e8   0x0000002c   Code   RO         6083    .text               mc_w.l(uidiv.o)
    0x08000814   0x08000814   0x00000062   Code   RO         6085    .text               mc_w.l(uldiv.o)
    0x08000876   0x08000876   0x0000001e   Code   RO         6087    .text               mc_w.l(llshl.o)
    0x08000894   0x08000894   0x00000024   Code   RO         6089    .text               mc_w.l(llsshr.o)
    0x080008b8   0x080008b8   0x00000000   Code   RO         6098    .text               mc_w.l(iusefp.o)
    0x080008b8   0x080008b8   0x0000006e   Code   RO         6099    .text               mf_w.l(fepilogue.o)
    0x08000926   0x08000926   0x000000ba   Code   RO         6101    .text               mf_w.l(depilogue.o)
    0x080009e0   0x080009e0   0x0000002e   Code   RO         6103    .text               mf_w.l(dscalb.o)
    0x08000a0e   0x08000a0e   0x00000022   Code   RO         6105    .text               mf_w.l(dflti.o)
    0x08000a30   0x08000a30   0x00000030   Code   RO         6107    .text               mf_w.l(dfixul.o)
    0x08000a60   0x08000a60   0x00000030   Code   RO         6109    .text               mf_w.l(cdrcmple.o)
    0x08000a90   0x08000a90   0x00000024   Code   RO         6111    .text               mc_w.l(init.o)
    0x08000ab4   0x08000ab4   0x00000056   Code   RO         1403    i.ADC_ConversionStop_Disable  stm32f1xx_hal_adc.o
    0x08000b0a   0x08000b0a   0x00000002   PAD
    0x08000b0c   0x08000b0c   0x0000007c   Code   RO         1407    i.ADC_Enable        stm32f1xx_hal_adc.o
    0x08000b88   0x08000b88   0x00000002   Code   RO          514    i.BusFault_Handler  stm32f1xx_it.o
    0x08000b8a   0x08000b8a   0x00000002   Code   RO          515    i.DebugMon_Handler  stm32f1xx_it.o
    0x08000b8c   0x08000b8c   0x00000008   Code   RO          516    i.EXTI9_5_IRQHandler  stm32f1xx_it.o
    0x08000b94   0x08000b94   0x00000004   Code   RO           13    i.Error_Handler     main.o
    0x08000b98   0x08000b98   0x000000fc   Code   RO         1409    i.HAL_ADC_ConfigChannel  stm32f1xx_hal_adc.o
    0x08000c94   0x08000c94   0x00000006   Code   RO         1416    i.HAL_ADC_GetValue  stm32f1xx_hal_adc.o
    0x08000c9a   0x08000c9a   0x00000002   PAD
    0x08000c9c   0x08000c9c   0x0000011c   Code   RO         1418    i.HAL_ADC_Init      stm32f1xx_hal_adc.o
    0x08000db8   0x08000db8   0x00000058   Code   RO          334    i.HAL_ADC_MspInit   adc.o
    0x08000e10   0x08000e10   0x0000013c   Code   RO         1422    i.HAL_ADC_PollForConversion  stm32f1xx_hal_adc.o
    0x08000f4c   0x08000f4c   0x000000c0   Code   RO         1424    i.HAL_ADC_Start     stm32f1xx_hal_adc.o
    0x0800100c   0x0800100c   0x00000034   Code   RO         1427    i.HAL_ADC_Stop      stm32f1xx_hal_adc.o
    0x08001040   0x08001040   0x00000046   Code   RO         2060    i.HAL_DMA_Abort     stm32f1xx_hal_dma.o
    0x08001086   0x08001086   0x00000002   PAD
    0x08001088   0x08001088   0x00000098   Code   RO         2061    i.HAL_DMA_Abort_IT  stm32f1xx_hal_dma.o
    0x08001120   0x08001120   0x00000024   Code   RO         1026    i.HAL_GPIO_EXTI_Callback  em_hal.o
    0x08001144   0x08001144   0x00000018   Code   RO         1995    i.HAL_GPIO_EXTI_IRQHandler  stm32f1xx_hal_gpio.o
    0x0800115c   0x0800115c   0x000001e0   Code   RO         1996    i.HAL_GPIO_Init     stm32f1xx_hal_gpio.o
    0x0800133c   0x0800133c   0x0000000a   Code   RO         1998    i.HAL_GPIO_ReadPin  stm32f1xx_hal_gpio.o
    0x08001346   0x08001346   0x0000000a   Code   RO         2000    i.HAL_GPIO_WritePin  stm32f1xx_hal_gpio.o
    0x08001350   0x08001350   0x0000000c   Code   RO         1690    i.HAL_GetTick       stm32f1xx_hal.o
    0x0800135c   0x0800135c   0x00000010   Code   RO         1696    i.HAL_IncTick       stm32f1xx_hal.o
    0x0800136c   0x0800136c   0x00000024   Code   RO         1697    i.HAL_Init          stm32f1xx_hal.o
    0x08001390   0x08001390   0x00000074   Code   RO          614    i.HAL_InitTick      stm32f1xx_hal_timebase_tim.o
    0x08001404   0x08001404   0x00000048   Code   RO          590    i.HAL_MspInit       stm32f1xx_hal_msp.o
    0x0800144c   0x0800144c   0x0000001a   Code   RO         2156    i.HAL_NVIC_EnableIRQ  stm32f1xx_hal_cortex.o
    0x08001466   0x08001466   0x00000002   PAD
    0x08001468   0x08001468   0x00000040   Code   RO         2162    i.HAL_NVIC_SetPriority  stm32f1xx_hal_cortex.o
    0x080014a8   0x080014a8   0x00000024   Code   RO         2163    i.HAL_NVIC_SetPriorityGrouping  stm32f1xx_hal_cortex.o
    0x080014cc   0x080014cc   0x000000a4   Code   RO         1957    i.HAL_RCCEx_GetPeriphCLKFreq  stm32f1xx_hal_rcc_ex.o
    0x08001570   0x08001570   0x000000ec   Code   RO         1958    i.HAL_RCCEx_PeriphCLKConfig  stm32f1xx_hal_rcc_ex.o
    0x0800165c   0x0800165c   0x0000012c   Code   RO         1854    i.HAL_RCC_ClockConfig  stm32f1xx_hal_rcc.o
    0x08001788   0x08001788   0x00000040   Code   RO         1858    i.HAL_RCC_GetClockConfig  stm32f1xx_hal_rcc.o
    0x080017c8   0x080017c8   0x00000020   Code   RO         1861    i.HAL_RCC_GetPCLK1Freq  stm32f1xx_hal_rcc.o
    0x080017e8   0x080017e8   0x00000020   Code   RO         1862    i.HAL_RCC_GetPCLK2Freq  stm32f1xx_hal_rcc.o
    0x08001808   0x08001808   0x0000004c   Code   RO         1863    i.HAL_RCC_GetSysClockFreq  stm32f1xx_hal_rcc.o
    0x08001854   0x08001854   0x00000320   Code   RO         1866    i.HAL_RCC_OscConfig  stm32f1xx_hal_rcc.o
    0x08001b74   0x08001b74   0x000000b2   Code   RO         2667    i.HAL_SPI_Init      stm32f1xx_hal_spi.o
    0x08001c26   0x08001c26   0x00000002   PAD
    0x08001c28   0x08001c28   0x0000005c   Code   RO          376    i.HAL_SPI_MspInit   spi.o
    0x08001c84   0x08001c84   0x0000016e   Code   RO         2675    i.HAL_SPI_Transmit  stm32f1xx_hal_spi.o
    0x08001df2   0x08001df2   0x00000002   Code   RO         3684    i.HAL_TIMEx_BreakCallback  stm32f1xx_hal_tim_ex.o
    0x08001df4   0x08001df4   0x00000002   Code   RO         3685    i.HAL_TIMEx_CommutCallback  stm32f1xx_hal_tim_ex.o
    0x08001df6   0x08001df6   0x00000002   PAD
    0x08001df8   0x08001df8   0x00000068   Code   RO         3703    i.HAL_TIMEx_MasterConfigSynchronization  stm32f1xx_hal_tim_ex.o
    0x08001e60   0x08001e60   0x0000005a   Code   RO         2980    i.HAL_TIM_Base_Init  stm32f1xx_hal_tim.o
    0x08001eba   0x08001eba   0x00000002   PAD
    0x08001ebc   0x08001ebc   0x00000028   Code   RO          418    i.HAL_TIM_Base_MspInit  tim.o
    0x08001ee4   0x08001ee4   0x00000058   Code   RO         2985    i.HAL_TIM_Base_Start_IT  stm32f1xx_hal_tim.o
    0x08001f3c   0x08001f3c   0x000000dc   Code   RO         2989    i.HAL_TIM_ConfigClockSource  stm32f1xx_hal_tim.o
    0x08002018   0x08002018   0x00000002   Code   RO         3014    i.HAL_TIM_IC_CaptureCallback  stm32f1xx_hal_tim.o
    0x0800201a   0x0800201a   0x00000166   Code   RO         3028    i.HAL_TIM_IRQHandler  stm32f1xx_hal_tim.o
    0x08002180   0x08002180   0x00000002   Code   RO         3031    i.HAL_TIM_OC_DelayElapsedCallback  stm32f1xx_hal_tim.o
    0x08002182   0x08002182   0x00000002   Code   RO         3058    i.HAL_TIM_PWM_PulseFinishedCallback  stm32f1xx_hal_tim.o
    0x08002184   0x08002184   0x00000014   Code   RO           14    i.HAL_TIM_PeriodElapsedCallback  main.o
    0x08002198   0x08002198   0x00000002   Code   RO         3071    i.HAL_TIM_TriggerCallback  stm32f1xx_hal_tim.o
    0x0800219a   0x0800219a   0x00000002   Code   RO         3963    i.HAL_UARTEx_RxEventCallback  stm32f1xx_hal_uart.o
    0x0800219c   0x0800219c   0x00000002   Code   RO         3977    i.HAL_UART_ErrorCallback  stm32f1xx_hal_uart.o
    0x0800219e   0x0800219e   0x00000002   PAD
    0x080021a0   0x080021a0   0x0000026c   Code   RO         3980    i.HAL_UART_IRQHandler  stm32f1xx_hal_uart.o
    0x0800240c   0x0800240c   0x00000064   Code   RO         3981    i.HAL_UART_Init     stm32f1xx_hal_uart.o
    0x08002470   0x08002470   0x000000cc   Code   RO          460    i.HAL_UART_MspInit  usart.o
    0x0800253c   0x0800253c   0x0000001c   Code   RO         3986    i.HAL_UART_Receive_IT  stm32f1xx_hal_uart.o
    0x08002558   0x08002558   0x00000030   Code   RO          461    i.HAL_UART_RxCpltCallback  usart.o
    0x08002588   0x08002588   0x0000009a   Code   RO         3989    i.HAL_UART_Transmit  stm32f1xx_hal_uart.o
    0x08002622   0x08002622   0x00000002   Code   RO         3992    i.HAL_UART_TxCpltCallback  stm32f1xx_hal_uart.o
    0x08002624   0x08002624   0x00000002   Code   RO          517    i.HardFault_Handler  stm32f1xx_it.o
    0x08002626   0x08002626   0x00000002   PAD
    0x08002628   0x08002628   0x00000068   Code   RO          335    i.MX_ADC1_Init      adc.o
    0x08002690   0x08002690   0x00000028   Code   RO          274    i.MX_FREERTOS_Init  freertos.o
    0x080026b8   0x080026b8   0x000000f0   Code   RO          250    i.MX_GPIO_Init      gpio.o
    0x080027a8   0x080027a8   0x0000004c   Code   RO          377    i.MX_SPI1_Init      spi.o
    0x080027f4   0x080027f4   0x00000068   Code   RO          419    i.MX_TIM1_Init      tim.o
    0x0800285c   0x0800285c   0x00000038   Code   RO          462    i.MX_USART1_UART_Init  usart.o
    0x08002894   0x08002894   0x00000038   Code   RO          463    i.MX_USART2_UART_Init  usart.o
    0x080028cc   0x080028cc   0x00000002   Code   RO          518    i.MemManage_Handler  stm32f1xx_it.o
    0x080028ce   0x080028ce   0x00000002   Code   RO          519    i.NMI_Handler       stm32f1xx_it.o
    0x080028d0   0x080028d0   0x00000020   Code   RO         2705    i.SPI_EndRxTxTransaction  stm32f1xx_hal_spi.o
    0x080028f0   0x080028f0   0x000000b8   Code   RO         2710    i.SPI_WaitFlagStateUntilTimeout  stm32f1xx_hal_spi.o
    0x080029a8   0x080029a8   0x00000008   Code   RO          275    i.StartDefaultTask  freertos.o
    0x080029b0   0x080029b0   0x0000002c   Code   RO         5661    i.SysTick_Handler   port.o
    0x080029dc   0x080029dc   0x00000078   Code   RO           15    i.SystemClock_Config  main.o
    0x08002a54   0x08002a54   0x00000002   Code   RO         4315    i.SystemInit        system_stm32f1xx.o
    0x08002a56   0x08002a56   0x00000002   PAD
    0x08002a58   0x08002a58   0x0000000c   Code   RO          520    i.TIM4_IRQHandler   stm32f1xx_it.o
    0x08002a64   0x08002a64   0x0000006c   Code   RO         3073    i.TIM_Base_SetConfig  stm32f1xx_hal_tim.o
    0x08002ad0   0x08002ad0   0x00000014   Code   RO         3084    i.TIM_ETR_SetConfig  stm32f1xx_hal_tim.o
    0x08002ae4   0x08002ae4   0x00000010   Code   RO         3085    i.TIM_ITRx_SetConfig  stm32f1xx_hal_tim.o
    0x08002af4   0x08002af4   0x00000022   Code   RO         3091    i.TIM_TI1_ConfigInputStage  stm32f1xx_hal_tim.o
    0x08002b16   0x08002b16   0x00000024   Code   RO         3093    i.TIM_TI2_ConfigInputStage  stm32f1xx_hal_tim.o
    0x08002b3a   0x08002b3a   0x00000010   Code   RO         3994    i.UART_DMAAbortOnError  stm32f1xx_hal_uart.o
    0x08002b4a   0x08002b4a   0x0000004e   Code   RO         4004    i.UART_EndRxTransfer  stm32f1xx_hal_uart.o
    0x08002b98   0x08002b98   0x000000c2   Code   RO         4006    i.UART_Receive_IT   stm32f1xx_hal_uart.o
    0x08002c5a   0x08002c5a   0x00000002   PAD
    0x08002c5c   0x08002c5c   0x000000b8   Code   RO         4007    i.UART_SetConfig    stm32f1xx_hal_uart.o
    0x08002d14   0x08002d14   0x00000036   Code   RO         4009    i.UART_Start_Receive_IT  stm32f1xx_hal_uart.o
    0x08002d4a   0x08002d4a   0x00000078   Code   RO         4010    i.UART_WaitOnFlagUntilTimeout  stm32f1xx_hal_uart.o
    0x08002dc2   0x08002dc2   0x00000002   PAD
    0x08002dc4   0x08002dc4   0x0000000c   Code   RO          521    i.USART2_IRQHandler  stm32f1xx_it.o
    0x08002dd0   0x08002dd0   0x00000002   Code   RO          522    i.UsageFault_Handler  stm32f1xx_it.o
    0x08002dd2   0x08002dd2   0x00000002   PAD
    0x08002dd4   0x08002dd4   0x00000020   Code   RO         5997    i.__0printf         mc_w.l(printfa.o)
    0x08002df4   0x08002df4   0x00000020   Code   RO         2169    i.__NVIC_SetPriority  stm32f1xx_hal_cortex.o
    0x08002e14   0x08002e14   0x000000aa   Code   RO         6065    i.__kernel_poly     m_ws.l(poly.o)
    0x08002ebe   0x08002ebe   0x00000002   PAD
    0x08002ec0   0x08002ec0   0x00000010   Code   RO         6051    i.__mathlib_dbl_divzero  m_ws.l(dunder.o)
    0x08002ed0   0x08002ed0   0x00000006   Code   RO         6052    i.__mathlib_dbl_infnan  m_ws.l(dunder.o)
    0x08002ed6   0x08002ed6   0x0000000c   Code   RO         6054    i.__mathlib_dbl_invalid  m_ws.l(dunder.o)
    0x08002ee2   0x08002ee2   0x0000000e   Code   RO         6115    i.__scatterload_copy  mc_w.l(handlers.o)
    0x08002ef0   0x08002ef0   0x00000002   Code   RO         6116    i.__scatterload_null  mc_w.l(handlers.o)
    0x08002ef2   0x08002ef2   0x0000000e   Code   RO         6117    i.__scatterload_zeroinit  mc_w.l(handlers.o)
    0x08002f00   0x08002f00   0x0000000c   Code   RO         6093    i.__set_errno       mc_w.l(errno.o)
    0x08002f0c   0x08002f0c   0x00000184   Code   RO         6004    i._fp_digits        mc_w.l(printfa.o)
    0x08003090   0x08003090   0x000006dc   Code   RO         6005    i._printf_core      mc_w.l(printfa.o)
    0x0800376c   0x0800376c   0x00000024   Code   RO         6006    i._printf_post_padding  mc_w.l(printfa.o)
    0x08003790   0x08003790   0x0000002e   Code   RO         6007    i._printf_pre_padding  mc_w.l(printfa.o)
    0x080037be   0x080037be   0x00000032   Code   RO          750    i.adc_alg_handle    em_adc.o
    0x080037f0   0x080037f0   0x0000001c   Code   RO          751    i.adc_init          em_adc.o
    0x0800380c   0x0800380c   0x00000040   Code   RO         1226    i.ble_report        em_ble.o
    0x0800384c   0x0800384c   0x00000040   Code   RO         1227    i.ble_status_data_clean  em_ble.o
    0x0800388c   0x0800388c   0x0000000c   Code   RO         1228    i.clean_blepack_count  em_ble.o
    0x08003898   0x08003898   0x00000010   Code   RO          698    i.clean_printbuffer  em_queue.o
    0x080038a8   0x080038a8   0x0000000c   Code   RO          956    i.clean_state_timeout  em_timer.o
    0x080038b4   0x080038b4   0x00000018   Code   RO         1112    i.clearAddTime      em_printer.o
    0x080038cc   0x080038cc   0x0000000c   Code   RO          957    i.close_printer_timeout_timer  em_timer.o
    0x080038d8   0x080038d8   0x0000000c   Code   RO          812    i.digitalRead       em_button.o
    0x080038e4   0x080038e4   0x00000038   Code   RO          853    i.digitalWrite      em_motor.o
    0x0800391c   0x0800391c   0x00000010   Code   RO         1027    i.digitalWrite      em_hal.o
    0x0800392c   0x0800392c   0x00000060   Code   RO         1113    i.digitalWrite      em_printer.o
    0x0800398c   0x0800398c   0x00000010   Code   RO         1114    i.digitalWrite_vhen  em_printer.o
    0x0800399c   0x0800399c   0x00000060   Code   RO          753    i.em_temp_calculate  em_adc.o
    0x080039fc   0x080039fc   0x00000018   Code   RO           16    i.fputc             main.o
    0x08003a14   0x08003a14   0x000000c0   Code   RO          754    i.get_adc_temperatrue  em_adc.o
    0x08003ad4   0x08003ad4   0x00000128   Code   RO          755    i.get_adc_volts     em_adc.o
    0x08003bfc   0x08003bfc   0x0000000c   Code   RO         1229    i.get_ble_connect   em_ble.o
    0x08003c08   0x08003c08   0x0000000c   Code   RO          699    i.get_ble_rx_leftline  em_queue.o
    0x08003c14   0x08003c14   0x0000000c   Code   RO         1230    i.get_blepack_count  em_ble.o
    0x08003c20   0x08003c20   0x00000008   Code   RO          653    i.get_device_state  em_device.o
    0x08003c28   0x08003c28   0x0000000c   Code   RO          958    i.get_printer_timeout_status  em_timer.o
    0x08003c34   0x08003c34   0x0000000c   Code   RO          959    i.get_state_timeout  em_timer.o
    0x08003c40   0x08003c40   0x0000000c   Code   RO         5242    i.inHandlerMode     cmsis_os.o
    0x08003c4c   0x08003c4c   0x00000250   Code   RO         1231    i.init_ble          em_ble.o
    0x08003e9c   0x08003e9c   0x0000001c   Code   RO          654    i.init_device_state  em_device.o
    0x08003eb8   0x08003eb8   0x00000008   Code   RO         1028    i.init_hal          em_hal.o
    0x08003ec0   0x08003ec0   0x00000002   Code   RO          813    i.init_key          em_button.o
    0x08003ec2   0x08003ec2   0x00000026   Code   RO          854    i.init_motor        em_motor.o
    0x08003ee8   0x08003ee8   0x0000001a   Code   RO         1115    i.init_printer      em_printer.o
    0x08003f02   0x08003f02   0x0000001e   Code   RO         1116    i.init_printing     em_printer.o
    0x08003f20   0x08003f20   0x00000018   Code   RO          700    i.init_queue        em_queue.o
    0x08003f38   0x08003f38   0x00000002   Code   RO          919    i.init_spi          em_spi.o
    0x08003f3a   0x08003f3a   0x00000002   PAD
    0x08003f3c   0x08003f3c   0x00000098   Code   RO         1292    i.init_task         em_task.o
    0x08003fd4   0x08003fd4   0x0000002c   Code   RO          960    i.init_timer        em_timer.o
    0x08004000   0x08004000   0x00000078   Code   RO          814    i.key_check_run     em_button.o
    0x08004078   0x08004078   0x00000024   Code   RO         1293    i.key_click_handle  em_task.o
    0x0800409c   0x0800409c   0x00000028   Code   RO         1294    i.key_long_click_free_handle  em_task.o
    0x080040c4   0x080040c4   0x00000064   Code   RO         1295    i.key_long_click_handle  em_task.o
    0x08004128   0x08004128   0x0000035c   Code   RO         5738    i.log               m_ws.l(log.o)
    0x08004484   0x08004484   0x00000064   Code   RO           17    i.main              main.o
    0x080044e8   0x080044e8   0x0000000c   Code   RO         5244    i.makeFreeRtosPriority  cmsis_os.o
    0x080044f4   0x080044f4   0x00000054   Code   RO          855    i.motor_run         em_motor.o
    0x08004548   0x08004548   0x000000a4   Code   RO          856    i.motor_run_step    em_motor.o
    0x080045ec   0x080045ec   0x00000030   Code   RO          857    i.motor_start       em_motor.o
    0x0800461c   0x0800461c   0x00000038   Code   RO          858    i.motor_stop        em_motor.o
    0x08004654   0x08004654   0x0000007c   Code   RO         1117    i.move_and_start_std  em_printer.o
    0x080046d0   0x080046d0   0x00000030   Code   RO          961    i.open_printer_timeout_timer  em_timer.o
    0x08004700   0x08004700   0x0000000e   Code   RO         5246    i.osDelay           cmsis_os.o
    0x0800470e   0x0800470e   0x0000000a   Code   RO         5249    i.osKernelStart     cmsis_os.o
    0x08004718   0x08004718   0x00000054   Code   RO         5283    i.osThreadCreate    cmsis_os.o
    0x0800476c   0x0800476c   0x00000040   Code   RO         5294    i.osTimerCreate     cmsis_os.o
    0x080047ac   0x080047ac   0x0000002c   Code   RO         5295    i.osTimerDelete     cmsis_os.o
    0x080047d8   0x080047d8   0x0000005c   Code   RO         5296    i.osTimerStart      cmsis_os.o
    0x08004834   0x08004834   0x00000058   Code   RO         5297    i.osTimerStop       cmsis_os.o
    0x0800488c   0x0800488c   0x0000007c   Code   RO         1118    i.printing_error_check  em_printer.o
    0x08004908   0x08004908   0x00000070   Code   RO         4814    i.prvAddCurrentTaskToDelayedList  tasks.o
    0x08004978   0x08004978   0x000000d0   Code   RO         4815    i.prvAddNewTaskToReadyList  tasks.o
    0x08004a48   0x08004a48   0x00000058   Code   RO         5113    i.prvCheckForValidListAndQueue  timers.o
    0x08004aa0   0x08004aa0   0x00000026   Code   RO         4493    i.prvCopyDataFromQueue  queue.o
    0x08004ac6   0x08004ac6   0x0000006c   Code   RO         4494    i.prvCopyDataToQueue  queue.o
    0x08004b32   0x08004b32   0x00000034   Code   RO         4816    i.prvDeleteTCB      tasks.o
    0x08004b66   0x08004b66   0x00000002   PAD
    0x08004b68   0x08004b68   0x0000004c   Code   RO         5611    i.prvHeapInit       heap_4.o
    0x08004bb4   0x08004bb4   0x00000060   Code   RO         4817    i.prvIdleTask       tasks.o
    0x08004c14   0x08004c14   0x00000016   Code   RO         4495    i.prvInitialiseMutex  queue.o
    0x08004c2a   0x08004c2a   0x00000016   Code   RO         4496    i.prvInitialiseNewQueue  queue.o
    0x08004c40   0x08004c40   0x0000008e   Code   RO         4818    i.prvInitialiseNewTask  tasks.o
    0x08004cce   0x08004cce   0x00000044   Code   RO         5114    i.prvInitialiseNewTimer  timers.o
    0x08004d12   0x08004d12   0x00000002   PAD
    0x08004d14   0x08004d14   0x0000004c   Code   RO         5612    i.prvInsertBlockIntoFreeList  heap_4.o
    0x08004d60   0x08004d60   0x00000038   Code   RO         5115    i.prvInsertTimerInActiveList  timers.o
    0x08004d98   0x08004d98   0x0000001c   Code   RO         4497    i.prvIsQueueEmpty   queue.o
    0x08004db4   0x08004db4   0x000000bc   Code   RO         5116    i.prvProcessReceivedCommands  timers.o
    0x08004e70   0x08004e70   0x000000b4   Code   RO         5117    i.prvProcessTimerOrBlockTask  timers.o
    0x08004f24   0x08004f24   0x00000020   Code   RO         4819    i.prvResetNextTaskUnblockTime  tasks.o
    0x08004f44   0x08004f44   0x00000028   Code   RO         5118    i.prvSampleTimeNow  timers.o
    0x08004f6c   0x08004f6c   0x0000006c   Code   RO         5119    i.prvSwitchTimerLists  timers.o
    0x08004fd8   0x08004fd8   0x00000028   Code   RO         5662    i.prvTaskExitError  port.o
    0x08005000   0x08005000   0x00000024   Code   RO         5120    i.prvTimerTask      timers.o
    0x08005024   0x08005024   0x0000006a   Code   RO         4498    i.prvUnlockQueue    queue.o
    0x0800508e   0x0800508e   0x00000002   PAD
    0x08005090   0x08005090   0x000000d8   Code   RO         5613    i.pvPortMalloc      heap_4.o
    0x08005168   0x08005168   0x00000018   Code   RO         4821    i.pvTaskIncrementMutexHeldCount  tasks.o
    0x08005180   0x08005180   0x00000024   Code   RO         5663    i.pxPortInitialiseStack  port.o
    0x080051a4   0x080051a4   0x00000012   Code   RO         1029    i.read_all_hal      em_hal.o
    0x080051b6   0x080051b6   0x00000002   PAD
    0x080051b8   0x080051b8   0x00000054   Code   RO         1030    i.read_battery      em_hal.o
    0x0800520c   0x0800520c   0x00000054   Code   RO          859    i.read_motor_timer_callbackfun  em_motor.o
    0x08005260   0x08005260   0x00000018   Code   RO         1031    i.read_paper_irq_need_report_status  em_hal.o
    0x08005278   0x08005278   0x00000048   Code   RO         1032    i.read_paper_statue  em_hal.o
    0x080052c0   0x080052c0   0x00000028   Code   RO          962    i.read_state_timer_callbackfun  em_timer.o
    0x080052e8   0x080052e8   0x00000050   Code   RO         1033    i.read_temperature  em_hal.o
    0x08005338   0x08005338   0x0000002c   Code   RO          963    i.read_timeout_timer_callbackfun  em_timer.o
    0x08005364   0x08005364   0x00000068   Code   RO          701    i.read_to_printer   em_queue.o
    0x080053cc   0x080053cc   0x00000002   Code   RO         1034    i.run_beep          em_hal.o
    0x080053ce   0x080053ce   0x0000008c   Code   RO         1035    i.run_led           em_hal.o
    0x0800545a   0x0800545a   0x00000002   PAD
    0x0800545c   0x0800545c   0x00000078   Code   RO         1296    i.run_printer       em_task.o
    0x080054d4   0x080054d4   0x00000084   Code   RO         1297    i.run_report        em_task.o
    0x08005558   0x08005558   0x000003e8   Code   RO         1119    i.run_stb           em_printer.o
    0x08005940   0x08005940   0x000000b0   Code   RO         1120    i.send_one_line_data  em_printer.o
    0x080059f0   0x080059f0   0x0000000e   Code   RO         1121    i.setDebugData      em_printer.o
    0x080059fe   0x080059fe   0x00000002   PAD
    0x08005a00   0x08005a00   0x0000000c   Code   RO          655    i.set_device_paper_status  em_device.o
    0x08005a0c   0x08005a0c   0x0000002c   Code   RO         1122    i.set_heat_density  em_printer.o
    0x08005a38   0x08005a38   0x0000000c   Code   RO          656    i.set_read_ble_finish  em_device.o
    0x08005a44   0x08005a44   0x00000036   Code   RO         1123    i.set_stb_idle      em_printer.o
    0x08005a7a   0x08005a7a   0x00000002   PAD
    0x08005a7c   0x08005a7c   0x00000014   Code   RO          920    i.spiCommand        em_spi.o
    0x08005a90   0x08005a90   0x0000008c   Code   RO         1125    i.start_printing_by_onestb  em_printer.o
    0x08005b1c   0x08005b1c   0x00000088   Code   RO         1126    i.start_printing_by_queuebuf  em_printer.o
    0x08005ba4   0x08005ba4   0x0000004c   Code   RO         1298    i.task_button       em_task.o
    0x08005bf0   0x08005bf0   0x00000068   Code   RO         1299    i.task_printer      em_task.o
    0x08005c58   0x08005c58   0x0000004c   Code   RO         1300    i.task_report       em_task.o
    0x08005ca4   0x08005ca4   0x000000b8   Code   RO         1127    i.testSTB           em_printer.o
    0x08005d5c   0x08005d5c   0x00000240   Code   RO         1232    i.uart_cmd_handle   em_ble.o
    0x08005f9c   0x08005f9c   0x00000026   Code   RO         4453    i.uxListRemove      list.o
    0x08005fc2   0x08005fc2   0x00000002   PAD
    0x08005fc4   0x08005fc4   0x00000014   Code   RO          276    i.vApplicationGetIdleTaskMemory  freertos.o
    0x08005fd8   0x08005fd8   0x00000018   Code   RO          277    i.vApplicationGetTimerTaskMemory  freertos.o
    0x08005ff0   0x08005ff0   0x00000016   Code   RO         4454    i.vListInitialise   list.o
    0x08006006   0x08006006   0x00000006   Code   RO         4455    i.vListInitialiseItem  list.o
    0x0800600c   0x0800600c   0x00000030   Code   RO         4456    i.vListInsert       list.o
    0x0800603c   0x0800603c   0x00000018   Code   RO         4457    i.vListInsertEnd    list.o
    0x08006054   0x08006054   0x00000040   Code   RO         5665    i.vPortEnterCritical  port.o
    0x08006094   0x08006094   0x00000028   Code   RO         5666    i.vPortExitCritical  port.o
    0x080060bc   0x080060bc   0x0000005c   Code   RO         5614    i.vPortFree         heap_4.o
    0x08006118   0x08006118   0x00000024   Code   RO         5667    i.vPortSetupTimerInterrupt  port.o
    0x0800613c   0x0800613c   0x00000054   Code   RO         5668    i.vPortValidateInterruptPriority  port.o
    0x08006190   0x08006190   0x00000028   Code   RO         4502    i.vQueueAddToRegistry  queue.o
    0x080061b8   0x080061b8   0x00000044   Code   RO         4505    i.vQueueWaitForMessageRestricted  queue.o
    0x080061fc   0x080061fc   0x0000004c   Code   RO         4827    i.vTaskDelay        tasks.o
    0x08006248   0x08006248   0x00000010   Code   RO         4830    i.vTaskInternalSetTimeOutState  tasks.o
    0x08006258   0x08006258   0x0000000c   Code   RO         4831    i.vTaskMissedYield  tasks.o
    0x08006264   0x08006264   0x00000030   Code   RO         4833    i.vTaskPlaceOnEventList  tasks.o
    0x08006294   0x08006294   0x00000038   Code   RO         4834    i.vTaskPlaceOnEventListRestricted  tasks.o
    0x080062cc   0x080062cc   0x000000a8   Code   RO         4836    i.vTaskPriorityDisinheritAfterTimeout  tasks.o
    0x08006374   0x08006374   0x00000088   Code   RO         4841    i.vTaskStartScheduler  tasks.o
    0x080063fc   0x080063fc   0x00000010   Code   RO         4843    i.vTaskSuspendAll   tasks.o
    0x0800640c   0x0800640c   0x0000005c   Code   RO         4844    i.vTaskSwitchContext  tasks.o
    0x08006468   0x08006468   0x000000a0   Code   RO          702    i.write_to_printbuffer  em_queue.o
    0x08006508   0x08006508   0x000000a8   Code   RO         5669    i.xPortStartScheduler  port.o
    0x080065b0   0x080065b0   0x00000016   Code   RO         4506    i.xQueueCreateMutex  queue.o
    0x080065c6   0x080065c6   0x00000048   Code   RO         4508    i.xQueueGenericCreate  queue.o
    0x0800660e   0x0800660e   0x00000066   Code   RO         4509    i.xQueueGenericCreateStatic  queue.o
    0x08006674   0x08006674   0x00000088   Code   RO         4510    i.xQueueGenericReset  queue.o
    0x080066fc   0x080066fc   0x00000160   Code   RO         4511    i.xQueueGenericSend  queue.o
    0x0800685c   0x0800685c   0x000000bc   Code   RO         4512    i.xQueueGenericSendFromISR  queue.o
    0x08006918   0x08006918   0x0000009c   Code   RO         4513    i.xQueueGiveFromISR  queue.o
    0x080069b4   0x080069b4   0x00000138   Code   RO         4518    i.xQueueReceive     queue.o
    0x08006aec   0x08006aec   0x0000009a   Code   RO         4519    i.xQueueReceiveFromISR  queue.o
    0x08006b86   0x08006b86   0x00000002   PAD
    0x08006b88   0x08006b88   0x00000178   Code   RO         4520    i.xQueueSemaphoreTake  queue.o
    0x08006d00   0x08006d00   0x00000074   Code   RO         4845    i.xTaskCheckForTimeOut  tasks.o
    0x08006d74   0x08006d74   0x0000005a   Code   RO         4846    i.xTaskCreate       tasks.o
    0x08006dce   0x08006dce   0x00000056   Code   RO         4847    i.xTaskCreateStatic  tasks.o
    0x08006e24   0x08006e24   0x0000001c   Code   RO         4851    i.xTaskGetSchedulerState  tasks.o
    0x08006e40   0x08006e40   0x0000000c   Code   RO         4852    i.xTaskGetTickCount  tasks.o
    0x08006e4c   0x08006e4c   0x000000c8   Code   RO         4854    i.xTaskIncrementTick  tasks.o
    0x08006f14   0x08006f14   0x00000098   Code   RO         4857    i.xTaskPriorityDisinherit  tasks.o
    0x08006fac   0x08006fac   0x00000094   Code   RO         4858    i.xTaskPriorityInherit  tasks.o
    0x08007040   0x08007040   0x00000074   Code   RO         4859    i.xTaskRemoveFromEventList  tasks.o
    0x080070b4   0x080070b4   0x000000c4   Code   RO         4860    i.xTaskResumeAll    tasks.o
    0x08007178   0x08007178   0x00000034   Code   RO         5123    i.xTimerCreate      timers.o
    0x080071ac   0x080071ac   0x0000002e   Code   RO         5124    i.xTimerCreateStatic  timers.o
    0x080071da   0x080071da   0x00000002   PAD
    0x080071dc   0x080071dc   0x00000060   Code   RO         5125    i.xTimerCreateTimerTask  timers.o
    0x0800723c   0x0800723c   0x00000060   Code   RO         5126    i.xTimerGenericCommand  timers.o
    0x0800729c   0x0800729c   0x0000001c   Data   RO          279    .constdata          freertos.o
    0x080072b8   0x080072b8   0x00000008   Data   RO          860    .constdata          em_motor.o
    0x080072c0   0x080072c0   0x00000010   Data   RO          964    .constdata          em_timer.o
    0x080072d0   0x080072d0   0x00000012   Data   RO         1867    .constdata          stm32f1xx_hal_rcc.o
    0x080072e2   0x080072e2   0x00000012   Data   RO         1959    .constdata          stm32f1xx_hal_rcc_ex.o
    0x080072f4   0x080072f4   0x00000010   Data   RO         4316    .constdata          system_stm32f1xx.o
    0x08007304   0x08007304   0x00000008   Data   RO         4317    .constdata          system_stm32f1xx.o
    0x0800730c   0x0800730c   0x00000004   PAD
    0x08007310   0x08007310   0x00000038   Data   RO         5739    .constdata          m_ws.l(log.o)
    0x08007348   0x08007348   0x00000008   Data   RO         6067    .constdata          m_ws.l(qnan.o)
    0x08007350   0x08007350   0x0000000c   Data   RO          280    .conststring        freertos.o
    0x0800735c   0x0800735c   0x00000054   Data   RO         1234    .conststring        em_ble.o
    0x080073b0   0x080073b0   0x00000020   Data   RO         6113    Region$$Table       anon$$obj.o


    Execution Region RW_IRAM1 (Exec base: 0x20000000, Load base: 0x080073d0, Size: 0x00004f98, Max: 0x00005000, ABSOLUTE)

    Exec Addr    Load Addr    Size         Type   Attr      Idx    E Section Name        Object

    0x20000000   0x080073d0   0x00000004   Data   RW          281    .data               freertos.o
    0x20000004   0x080073d4   0x00000001   Data   RW          465    .data               usart.o
    0x20000005   0x080073d5   0x00000005   Data   RW          657    .data               em_device.o
    0x2000000a   0x080073da   0x00000002   PAD
    0x2000000c   0x080073dc   0x00000008   Data   RW          704    .data               em_queue.o
    0x20000014   0x080073e4   0x00000008   Data   RW          756    .data               em_adc.o
    0x2000001c   0x080073ec   0x00000008   Data   RW          815    .data               em_button.o
    0x20000024   0x080073f4   0x00000028   Data   RW          861    .data               em_motor.o
    0x2000004c   0x0800741c   0x0000000c   Data   RW          965    .data               em_timer.o
    0x20000058   0x08007428   0x00000001   Data   RW         1039    .data               em_hal.o
    0x20000059   0x08007429   0x00000001   Data   RW         1129    .data               em_printer.o
    0x2000005a   0x0800742a   0x00000002   PAD
    0x2000005c   0x0800742c   0x00000028   Data   RW         1235    .data               em_ble.o
    0x20000084   0x08007454   0x00000002   Data   RW         1301    .data               em_task.o
    0x20000086   0x08007456   0x00000002   PAD
    0x20000088   0x08007458   0x0000000c   Data   RW         1704    .data               stm32f1xx_hal.o
    0x20000094   0x08007464   0x00000004   Data   RW         4318    .data               system_stm32f1xx.o
    0x20000098   0x08007468   0x0000003c   Data   RW         4863    .data               tasks.o
    0x200000d4   0x080074a4   0x00000014   Data   RW         5132    .data               timers.o
    0x200000e8   0x080074b8   0x00000018   Data   RW         5619    .data               heap_4.o
    0x20000100   0x080074d0   0x0000000c   Data   RW         5670    .data               port.o
    0x2000010c   0x080074dc   0x00000004   Data   RW         6082    .data               mc_w.l(stdout.o)
    0x20000110   0x080074e0   0x00000004   Data   RW         6094    .data               mc_w.l(errno.o)
    0x20000114        -       0x000006a8   Zero   RW          278    .bss                freertos.o
    0x200007bc        -       0x00000030   Zero   RW          336    .bss                adc.o
    0x200007ec        -       0x00000058   Zero   RW          378    .bss                spi.o
    0x20000844        -       0x00000048   Zero   RW          420    .bss                tim.o
    0x2000088c        -       0x00000090   Zero   RW          464    .bss                usart.o
    0x2000091c        -       0x00000048   Zero   RW          617    .bss                stm32f1xx_hal_timebase_tim.o
    0x20000964        -       0x0000339c   Zero   RW          703    .bss                em_queue.o
    0x20003d00        -       0x00000018   Zero   RW         1128    .bss                em_printer.o
    0x20003d18        -       0x00000064   Zero   RW         1233    .bss                em_ble.o
    0x20003d7c        -       0x00000040   Zero   RW         4521    .bss                queue.o
    0x20003dbc        -       0x000000f0   Zero   RW         4862    .bss                tasks.o
    0x20003eac        -       0x000000e8   Zero   RW         5131    .bss                timers.o
    0x20003f94        -       0x00000c00   Zero   RW         5618    .bss                heap_4.o
    0x20004b94   0x080074e4   0x00000004   PAD
    0x20004b98        -       0x00000400   Zero   RW            1    STACK               startup_stm32f103xb.o


==============================================================================

Image component sizes


      Code (inc. data)   RO Data    RW Data    ZI Data      Debug   Object Name

       192         24          0          0         48       1585   adc.o
       420         14          0          0          0      29122   cmsis_os.o
       662        204          0          8          0       3506   em_adc.o
      1332        454         84         40        100       5517   em_ble.o
       134          8          0          8          0       2131   em_button.o
        60         22          0          5          0       2280   em_device.o
       480         96          0          1          0       5728   em_hal.o
       530         32          8         40          0       4047   em_motor.o
      2188        284          0          1         24       9082   em_printer.o
       316         44          0          8      13212       3132   em_queue.o
        22          6          0          0          0       1104   em_spi.o
       836        380          0          2          0       5189   em_task.o
       224         88         16         12          0       4380   em_timer.o
         0          0          0          0          0      18076   event_groups.o
        92         20         40          4       1704       7479   freertos.o
       240         18          0          0          0        927   gpio.o
       460         24          0         24       3072       4539   heap_4.o
       138          0          0          0          0       3262   list.o
       268         48          0          0          0     479294   main.o
       662         70          0         12          0      10905   port.o
      2302         24          0          0         64      20599   queue.o
       168         22          0          0         88       1549   spi.o
        36          8        236          0       1024        780   startup_stm32f103xb.o
        64         14          0         12          0       4510   stm32f1xx_hal.o
      1312         54          0          0          0       7031   stm32f1xx_hal_adc.o
       158         14          0          0          0      28070   stm32f1xx_hal_cortex.o
       222          4          0          0          0       1703   stm32f1xx_hal_dma.o
       524         40          0          0          0       3994   stm32f1xx_hal_gpio.o
        72         10          0          0          0        826   stm32f1xx_hal_msp.o
      1304         94         18          0          0       5585   stm32f1xx_hal_rcc.o
       400         28         18          0          0       2405   stm32f1xx_hal_rcc_ex.o
       760          4          0          0          0       4270   stm32f1xx_hal_spi.o
       978         26          0          0          0       9437   stm32f1xx_hal_tim.o
       108         12          0          0          0       2313   stm32f1xx_hal_tim_ex.o
       116         16          0          0         72       1355   stm32f1xx_hal_timebase_tim.o
      1554         10          0          0          0      10572   stm32f1xx_hal_uart.o
        44         12          0          0          0       3692   stm32f1xx_it.o
         0          0          0          0          0        392   stream_buffer.o
         2          0         24          4          0       1047   system_stm32f1xx.o
      2430        182          0         60        240      24953   tasks.o
       144         18          0          0         72       1538   tim.o
      1054         78          0         20        232      28879   timers.o
       364         48          0          1        144       2851   usart.o

    ----------------------------------------------------------------------
     23422       2554        480        268      20100     769636   Object Totals
         0          0         32          0          0          0   (incl. Generated)
        50          0          4          6          4          0   (incl. Padding)

    ----------------------------------------------------------------------

      Code (inc. data)   RO Data    RW Data    ZI Data      Debug   Library Member Name

        34          4          0          0          0        204   dunder.o
       860         52         56          0          0        256   log.o
       170          0          0          0          0         96   poly.o
         0          0          8          0          0          0   qnan.o
         0          0          0          0          0          0   entry.o
         0          0          0          0          0          0   entry10a.o
         0          0          0          0          0          0   entry11a.o
         8          4          0          0          0          0   entry2.o
         4          0          0          0          0          0   entry5.o
         0          0          0          0          0          0   entry7b.o
         0          0          0          0          0          0   entry8b.o
         8          4          0          0          0          0   entry9a.o
        12          6          0          4          0         68   errno.o
        30          0          0          0          0          0   handlers.o
        36          8          0          0          0         68   init.o
         0          0          0          0          0          0   iusefp.o
        30          0          0          0          0         68   llshl.o
        36          0          0          0          0         68   llsshr.o
        32          0          0          0          0         68   llushr.o
        36          0          0          0          0         68   memcpya.o
        36          0          0          0          0        108   memseta.o
      2258         90          0          0          0        452   printfa.o
         0          0          0          4          0          0   stdout.o
        14          0          0          0          0         68   strlen.o
        36          0          0          0          0         80   strstr.o
        44          0          0          0          0         80   uidiv.o
        98          0          0          0          0         92   uldiv.o
        48          0          0          0          0         68   cdcmple.o
        48          0          0          0          0         68   cdrcmple.o
        56          0          0          0          0         88   d2f.o
       334          0          0          0          0        148   dadd.o
       222          0          0          0          0        100   ddiv.o
       186          0          0          0          0        176   depilogue.o
        48          0          0          0          0         68   dfixul.o
        34          0          0          0          0         76   dflti.o
        26          0          0          0          0         76   dfltui.o
       228          0          0          0          0         96   dmul.o
        46          0          0          0          0         80   dscalb.o
        38          0          0          0          0         68   f2d.o
       176          0          0          0          0        140   fadd.o
       124          0          0          0          0         88   fdiv.o
       110          0          0          0          0        168   fepilogue.o
        40          0          0          0          0         68   ffixui.o
        10          0          0          0          0         68   ffltui.o
       100          0          0          0          0         76   fmul.o
        24          0          0          0          0         68   fscalb.o

    ----------------------------------------------------------------------
      5682        168         64          8          0       3632   Library Totals
         2          0          0          0          0          0   (incl. Padding)

    ----------------------------------------------------------------------

      Code (inc. data)   RO Data    RW Data    ZI Data      Debug   Library Name

      1064         56         64          0          0        556   m_ws.l
      2718        112          0          8          0       1288   mc_w.l
      1898          0          0          0          0       1788   mf_w.l

    ----------------------------------------------------------------------
      5682        168         64          8          0       3632   Library Totals

    ----------------------------------------------------------------------

==============================================================================


      Code (inc. data)   RO Data    RW Data    ZI Data      Debug   

     29104       2722        544        276      20100     758548   Grand Totals
     29104       2722        544        276      20100     758548   ELF Image Totals
     29104       2722        544        276          0          0   ROM Totals

==============================================================================

    Total RO  Size (Code + RO Data)                29648 (  28.95kB)
    Total RW  Size (RW Data + ZI Data)             20376 (  19.90kB)
    Total ROM Size (Code + RO Data + RW Data)      29924 (  29.22kB)

==============================================================================

